This file contains any messages produced by compilers while
running configure, to aid debugging if configure makes a mistake.

It was created by F2FS tools configure 1.16.0, which was
generated by GNU Autoconf 2.71.  Invocation command line was

  $ ./configure --no-create --no-recursion

## --------- ##
## Platform. ##
## --------- ##

hostname = amd1
uname -m = x86_64
uname -r = 6.6.8-deLFS
uname -s = Linux
uname -v = #1 SMP PREEMPT_DYNAMIC Mon Nov 24 02:24:55 UTC 2025

/usr/bin/uname -p = x86_64
/bin/uname -X     = unknown

/bin/arch              = x86_64
/usr/bin/arch -k       = unknown
/usr/convex/getsysinfo = unknown
/usr/bin/hostinfo      = unknown
/bin/machine           = unknown
/usr/bin/oslevel       = unknown
/bin/universe          = unknown

PATH: /usr/local/sbin/
PATH: /usr/local/bin/
PATH: /usr/sbin/
PATH: /usr/bin/
PATH: /sbin/
PATH: /bin/
PATH: /usr/games/
PATH: /usr/local/games/
PATH: /snap/bin/


## ----------- ##
## Core tests. ##
## ----------- ##

configure:2651: looking for aux files: config.guess config.sub ltmain.sh ar-lib compile missing install-sh
configure:2664:  trying ./build-aux/
configure:2693:   ./build-aux/config.guess found
configure:2693:   ./build-aux/config.sub found
configure:2693:   ./build-aux/ltmain.sh found
configure:2693:   ./build-aux/ar-lib found
configure:2693:   ./build-aux/compile found
configure:2693:   ./build-aux/missing found
configure:2675:   ./build-aux/install-sh found
configure:2817: checking whether make supports nested variables
configure:2835: result: yes
configure:2893: checking for a BSD-compatible install
configure:2966: result: /usr/bin/install -c
configure:2977: checking whether build environment is sane
configure:3032: result: yes
configure:3191: checking for a race-free mkdir -p
configure:3235: result: /usr/bin/mkdir -p
configure:3242: checking for gawk
configure:3263: found /usr/bin/gawk
configure:3274: result: gawk
configure:3285: checking whether make sets $(MAKE)
configure:3308: result: yes
configure:3390: checking how to create a pax tar archive
configure:3401: tar --version
tar (GNU tar) 1.34
Copyright (C) 2021 Free Software Foundation, Inc.
License GPLv3+: GNU GPL version 3 or later <https://gnu.org/licenses/gpl.html>.
This is free software: you are free to change and redistribute it.
There is NO WARRANTY, to the extent permitted by law.

Written by John Gilmore and Jay Fenlason.
configure:3404: $? = 0
configure:3444: tardir=conftest.dir && eval tar --format=posix -chf - "$tardir" >conftest.tar
configure:3447: $? = 0
configure:3451: tar -xf - <conftest.tar
configure:3454: $? = 0
configure:3456: cat conftest.dir/file
GrepMe
configure:3459: $? = 0
configure:3473: result: gnutar
configure:3642: checking for gcc
configure:3663: found /usr/bin/gcc
configure:3674: result: gcc
configure:4027: checking for C compiler version
configure:4036: gcc --version >&5
gcc (Ubuntu 11.4.0-1ubuntu1~22.04.2) 11.4.0
Copyright (C) 2021 Free Software Foundation, Inc.
This is free software; see the source for copying conditions.  There is NO
warranty; not even for MERCHANTABILITY or FITNESS FOR A PARTICULAR PURPOSE.

configure:4047: $? = 0
configure:4036: gcc -v >&5
Using built-in specs.
COLLECT_GCC=gcc
COLLECT_LTO_WRAPPER=/usr/lib/gcc/x86_64-linux-gnu/11/lto-wrapper
OFFLOAD_TARGET_NAMES=nvptx-none:amdgcn-amdhsa
OFFLOAD_TARGET_DEFAULT=1
Target: x86_64-linux-gnu
Configured with: ../src/configure -v --with-pkgversion='Ubuntu 11.4.0-1ubuntu1~22.04.2' --with-bugurl=file:///usr/share/doc/gcc-11/README.Bugs --enable-languages=c,ada,c++,go,brig,d,fortran,objc,obj-c++,m2 --prefix=/usr --with-gcc-major-version-only --program-suffix=-11 --program-prefix=x86_64-linux-gnu- --enable-shared --enable-linker-build-id --libexecdir=/usr/lib --without-included-gettext --enable-threads=posix --libdir=/usr/lib --enable-nls --enable-bootstrap --enable-clocale=gnu --enable-libstdcxx-debug --enable-libstdcxx-time=yes --with-default-libstdcxx-abi=new --enable-gnu-unique-object --disable-vtable-verify --enable-plugin --enable-default-pie --with-system-zlib --enable-libphobos-checking=release --with-target-system-zlib=auto --enable-objc-gc=auto --enable-multiarch --disable-werror --enable-cet --with-arch-32=i686 --with-abi=m64 --with-multilib-list=m32,m64,mx32 --enable-multilib --with-tune=generic --enable-offload-targets=nvptx-none=/build/gcc-11-2Y5pKs/gcc-11-11.4.0/debian/tmp-nvptx/usr,amdgcn-amdhsa=/build/gcc-11-2Y5pKs/gcc-11-11.4.0/debian/tmp-gcn/usr --without-cuda-driver --enable-checking=release --build=x86_64-linux-gnu --host=x86_64-linux-gnu --target=x86_64-linux-gnu --with-build-config=bootstrap-lto-lean --enable-link-serialization=2
Thread model: posix
Supported LTO compression algorithms: zlib zstd
gcc version 11.4.0 (Ubuntu 11.4.0-1ubuntu1~22.04.2) 
... rest of stderr output deleted ...
configure:4047: $? = 0
configure:4036: gcc -V >&5
gcc: error: unrecognized command-line option '-V'
gcc: fatal error: no input files
compilation terminated.
configure:4047: $? = 1
configure:4036: gcc -qversion >&5
gcc: error: unrecognized command-line option '-qversion'; did you mean '--version'?
gcc: fatal error: no input files
compilation terminated.
configure:4047: $? = 1
configure:4036: gcc -version >&5
gcc: error: unrecognized command-line option '-version'
gcc: fatal error: no input files
compilation terminated.
configure:4047: $? = 1
configure:4067: checking whether the C compiler works
configure:4089: gcc    conftest.c  >&5
configure:4093: $? = 0
configure:4143: result: yes
configure:4146: checking for C compiler default output file name
configure:4148: result: a.out
configure:4154: checking for suffix of executables
configure:4161: gcc -o conftest    conftest.c  >&5
configure:4165: $? = 0
configure:4188: result: 
configure:4210: checking whether we are cross compiling
configure:4218: gcc -o conftest    conftest.c  >&5
configure:4222: $? = 0
configure:4229: ./conftest
configure:4233: $? = 0
configure:4248: result: no
configure:4253: checking for suffix of object files
configure:4276: gcc -c   conftest.c >&5
configure:4280: $? = 0
configure:4302: result: o
configure:4306: checking whether the compiler supports GNU C
configure:4326: gcc -c   conftest.c >&5
configure:4326: $? = 0
configure:4336: result: yes
configure:4347: checking whether gcc accepts -g
configure:4368: gcc -c -g  conftest.c >&5
configure:4368: $? = 0
configure:4412: result: yes
configure:4432: checking for gcc option to enable C11 features
configure:4447: gcc  -c -g -O2  conftest.c >&5
configure:4447: $? = 0
configure:4465: result: none needed
configure:4581: checking whether gcc understands -c and -o together
configure:4604: gcc -c conftest.c -o conftest2.o
configure:4607: $? = 0
configure:4604: gcc -c conftest.c -o conftest2.o
configure:4607: $? = 0
configure:4619: result: yes
configure:4639: checking whether make supports the include directive
configure:4654: make -f confmf.GNU && cat confinc.out
make[1]: Entering directory '/mnt/delfs/LFS/ScaleLFS/ScaleLFS-6.6.8-SC/f2fs-tools'
make[1]: Leaving directory '/mnt/delfs/LFS/ScaleLFS/ScaleLFS-6.6.8-SC/f2fs-tools'
this is the am__doit target
configure:4657: $? = 0
configure:4676: result: yes (GNU style)
configure:4702: checking dependency style of gcc
configure:4814: result: gcc3
configure:4885: checking for ar
configure:4906: found /usr/bin/ar
configure:4917: result: ar
configure:4943: checking the archiver (ar) interface
configure:4960: gcc -c -g -O2  conftest.c >&5
configure:4960: $? = 0
configure:4963: ar cru libconftest.a conftest.o >&5
ar: `u' modifier ignored since `D' is the default (see `U')
configure:4966: $? = 0
configure:4994: result: ar
configure:5046: checking build system type
configure:5061: result: x86_64-pc-linux-gnu
configure:5081: checking host system type
configure:5095: result: x86_64-pc-linux-gnu
configure:5136: checking how to print strings
configure:5163: result: printf
configure:5184: checking for a sed that does not truncate output
configure:5254: result: /usr/bin/sed
configure:5272: checking for grep that handles long lines and -e
configure:5336: result: /usr/bin/grep
configure:5341: checking for egrep
configure:5409: result: /usr/bin/grep -E
configure:5414: checking for fgrep
configure:5482: result: /usr/bin/grep -F
configure:5518: checking for ld used by gcc
configure:5586: result: /usr/bin/ld
configure:5593: checking if the linker (/usr/bin/ld) is GNU ld
configure:5609: result: yes
configure:5621: checking for BSD- or MS-compatible name lister (nm)
configure:5676: result: /usr/bin/nm -B
configure:5816: checking the name lister (/usr/bin/nm -B) interface
configure:5824: gcc -c -g -O2  conftest.c >&5
configure:5827: /usr/bin/nm -B "conftest.o"
configure:5830: output
0000000000000000 B some_variable
configure:5837: result: BSD nm
configure:5840: checking whether ln -s works
configure:5844: result: yes
configure:5852: checking the maximum length of command line arguments
configure:5984: result: 1572864
configure:6032: checking how to convert x86_64-pc-linux-gnu file names to x86_64-pc-linux-gnu format
configure:6073: result: func_convert_file_noop
configure:6080: checking how to convert x86_64-pc-linux-gnu file names to toolchain format
configure:6101: result: func_convert_file_noop
configure:6108: checking for /usr/bin/ld option to reload object files
configure:6116: result: -r
configure:6195: checking for objdump
configure:6216: found /usr/bin/objdump
configure:6227: result: objdump
configure:6259: checking how to recognize dependent libraries
configure:6460: result: pass_all
configure:6550: checking for dlltool
configure:6585: result: no
configure:6615: checking how to associate runtime and link libraries
configure:6643: result: printf %s\n
configure:6777: checking for archiver @FILE support
configure:6795: gcc -c -g -O2  conftest.c >&5
configure:6795: $? = 0
configure:6799: ar cr libconftest.a @conftest.lst >&5
configure:6802: $? = 0
configure:6807: ar cr libconftest.a @conftest.lst >&5
ar: conftest.o: No such file or directory
configure:6810: $? = 1
configure:6822: result: @
configure:6885: checking for strip
configure:6906: found /usr/bin/strip
configure:6917: result: strip
configure:6994: checking for ranlib
configure:7015: found /usr/bin/ranlib
configure:7026: result: ranlib
configure:7128: checking command to parse /usr/bin/nm -B output from gcc object
configure:7282: gcc -c -g -O2  conftest.c >&5
configure:7285: $? = 0
configure:7289: /usr/bin/nm -B conftest.o | sed -n -e 's/^.*[	 ]\([ABCDGIRSTW][ABCDGIRSTW]*\)[	 ][	 ]*\([_A-Za-z][_A-Za-z0-9]*\)$/\1 \2 \2/p' | sed '/ __gnu_lto/d' > conftest.nm
configure:7355: gcc -o conftest -g -O2   conftest.c conftstm.o >&5
configure:7358: $? = 0
configure:7396: result: ok
configure:7443: checking for sysroot
configure:7474: result: no
configure:7481: checking for a working dd
configure:7525: result: /usr/bin/dd
configure:7529: checking how to truncate binary pipes
configure:7545: result: /usr/bin/dd bs=4096 count=1
configure:7682: gcc -c -g -O2  conftest.c >&5
configure:7685: $? = 0
configure:7882: checking for mt
configure:7903: found /usr/bin/mt
configure:7914: result: mt
configure:7937: checking if mt is a manifest tool
configure:7944: mt '-?'
configure:7952: result: no
configure:8682: checking for stdio.h
configure:8682: gcc -c -g -O2  conftest.c >&5
configure:8682: $? = 0
configure:8682: result: yes
configure:8682: checking for stdlib.h
configure:8682: gcc -c -g -O2  conftest.c >&5
configure:8682: $? = 0
configure:8682: result: yes
configure:8682: checking for string.h
configure:8682: gcc -c -g -O2  conftest.c >&5
configure:8682: $? = 0
configure:8682: result: yes
configure:8682: checking for inttypes.h
configure:8682: gcc -c -g -O2  conftest.c >&5
configure:8682: $? = 0
configure:8682: result: yes
configure:8682: checking for stdint.h
configure:8682: gcc -c -g -O2  conftest.c >&5
configure:8682: $? = 0
configure:8682: result: yes
configure:8682: checking for strings.h
configure:8682: gcc -c -g -O2  conftest.c >&5
configure:8682: $? = 0
configure:8682: result: yes
configure:8682: checking for sys/stat.h
configure:8682: gcc -c -g -O2  conftest.c >&5
configure:8682: $? = 0
configure:8682: result: yes
configure:8682: checking for sys/types.h
configure:8682: gcc -c -g -O2  conftest.c >&5
configure:8682: $? = 0
configure:8682: result: yes
configure:8682: checking for unistd.h
configure:8682: gcc -c -g -O2  conftest.c >&5
configure:8682: $? = 0
configure:8682: result: yes
configure:8707: checking for dlfcn.h
configure:8707: gcc -c -g -O2  conftest.c >&5
configure:8707: $? = 0
configure:8707: result: yes
configure:8966: checking for objdir
configure:8982: result: .libs
configure:9246: checking if gcc supports -fno-rtti -fno-exceptions
configure:9265: gcc -c -g -O2  -fno-rtti -fno-exceptions conftest.c >&5
cc1: warning: command-line option '-fno-rtti' is valid for C++/D/ObjC++ but not for C
configure:9269: $? = 0
configure:9282: result: no
configure:9646: checking for gcc option to produce PIC
configure:9654: result: -fPIC -DPIC
configure:9662: checking if gcc PIC flag -fPIC -DPIC works
configure:9681: gcc -c -g -O2  -fPIC -DPIC -DPIC conftest.c >&5
configure:9685: $? = 0
configure:9698: result: yes
configure:9727: checking if gcc static flag -static works
configure:9756: result: yes
configure:9771: checking if gcc supports -c -o file.o
configure:9793: gcc -c -g -O2  -o out/conftest2.o conftest.c >&5
configure:9797: $? = 0
configure:9819: result: yes
configure:9827: checking if gcc supports -c -o file.o
configure:9875: result: yes
configure:9908: checking whether the gcc linker (/usr/bin/ld -m elf_x86_64) supports shared libraries
configure:11178: result: yes
configure:11215: checking whether -lc should be explicitly linked in
configure:11224: gcc -c -g -O2  conftest.c >&5
configure:11227: $? = 0
configure:11242: gcc -shared  -fPIC -DPIC conftest.o  -v -Wl,-soname -Wl,conftest -o conftest 2\>\&1 \| /usr/bin/grep  -lc  \>/dev/null 2\>\&1
configure:11245: $? = 0
configure:11259: result: no
configure:11419: checking dynamic linker characteristics
configure:12001: gcc -o conftest -g -O2   -Wl,-rpath -Wl,/foo conftest.c  >&5
configure:12001: $? = 0
configure:12252: result: GNU/Linux ld.so
configure:12374: checking how to hardcode library paths into programs
configure:12399: result: immediate
configure:12951: checking whether stripping libraries is possible
configure:12956: result: yes
configure:12991: checking if libtool supports shared libraries
configure:12993: result: yes
configure:12996: checking whether to build shared libraries
configure:13021: result: yes
configure:13024: checking whether to build static libraries
configure:13028: result: yes
configure:13067: checking for ldconfig
configure:13091: found /usr/sbin/ldconfig
configure:13104: result: /usr/sbin/ldconfig
configure:13116: checking for blkid_probe_all in -lblkid
configure:13139: gcc -o conftest -g -O2   conftest.c -lblkid -lblkid  >&5
configure:13139: $? = 0
configure:13149: result: yes
configure:13173: checking for main in -llzo2
configure:13193: gcc -o conftest -g -O2   conftest.c -llzo2 -llzo2  >&5
/usr/bin/ld: cannot find -llzo2: No such file or directory
/usr/bin/ld: cannot find -llzo2: No such file or directory
collect2: error: ld returned 1 exit status
configure:13193: $? = 1
configure: failed program was:
| /* confdefs.h */
| #define PACKAGE_NAME "F2FS tools"
| #define PACKAGE_TARNAME "f2fs-tools"
| #define PACKAGE_VERSION "1.16.0"
| #define PACKAGE_STRING "F2FS tools 1.16.0"
| #define PACKAGE_BUGREPORT "linux-f2fs-devel@lists.sourceforge.net"
| #define PACKAGE_URL ""
| #define F2FS_TOOLS_VERSION "1.16.0"
| #define F2FS_MAJOR_VERSION 1
| #define F2FS_MINOR_VERSION 16
| #define F2FS_TOOLS_DATE "2023-04-11"
| #define PACKAGE "f2fs-tools"
| #define VERSION "1.16.0"
| #define HAVE_STDIO_H 1
| #define HAVE_STDLIB_H 1
| #define HAVE_STRING_H 1
| #define HAVE_INTTYPES_H 1
| #define HAVE_STDINT_H 1
| #define HAVE_STRINGS_H 1
| #define HAVE_SYS_STAT_H 1
| #define HAVE_SYS_TYPES_H 1
| #define HAVE_UNISTD_H 1
| #define STDC_HEADERS 1
| #define HAVE_DLFCN_H 1
| #define LT_OBJDIR ".libs/"
| #define HAVE_LIBBLKID 1
| /* end confdefs.h.  */
| 
| 
| int
| main (void)
| {
| return main ();
|   ;
|   return 0;
| }
configure:13203: result: no
configure:13227: checking for main in -llz4
configure:13247: gcc -o conftest -g -O2   conftest.c -llz4 -llz4  >&5
/usr/bin/ld: cannot find -llz4: No such file or directory
/usr/bin/ld: cannot find -llz4: No such file or directory
collect2: error: ld returned 1 exit status
configure:13247: $? = 1
configure: failed program was:
| /* confdefs.h */
| #define PACKAGE_NAME "F2FS tools"
| #define PACKAGE_TARNAME "f2fs-tools"
| #define PACKAGE_VERSION "1.16.0"
| #define PACKAGE_STRING "F2FS tools 1.16.0"
| #define PACKAGE_BUGREPORT "linux-f2fs-devel@lists.sourceforge.net"
| #define PACKAGE_URL ""
| #define F2FS_TOOLS_VERSION "1.16.0"
| #define F2FS_MAJOR_VERSION 1
| #define F2FS_MINOR_VERSION 16
| #define F2FS_TOOLS_DATE "2023-04-11"
| #define PACKAGE "f2fs-tools"
| #define VERSION "1.16.0"
| #define HAVE_STDIO_H 1
| #define HAVE_STDLIB_H 1
| #define HAVE_STRING_H 1
| #define HAVE_INTTYPES_H 1
| #define HAVE_STDINT_H 1
| #define HAVE_STRINGS_H 1
| #define HAVE_SYS_STAT_H 1
| #define HAVE_SYS_TYPES_H 1
| #define HAVE_UNISTD_H 1
| #define STDC_HEADERS 1
| #define HAVE_DLFCN_H 1
| #define LT_OBJDIR ".libs/"
| #define HAVE_LIBBLKID 1
| /* end confdefs.h.  */
| 
| 
| int
| main (void)
| {
| return main ();
|   ;
|   return 0;
| }
configure:13257: result: no
configure:13281: checking for getcon in -lselinux
configure:13304: gcc -o conftest -g -O2   conftest.c -lselinux -lselinux  >&5
configure:13304: $? = 0
configure:13314: result: yes
configure:13336: checking for uuid_clear in -luuid
configure:13359: gcc -o conftest -g -O2   conftest.c -luuid   >&5
configure:13359: $? = 0
configure:13369: result: yes
configure:13382: checking for clock_gettime in -lwinpthread
configure:13405: gcc -o conftest -g -O2   conftest.c -lwinpthread   >&5
/usr/bin/ld: cannot find -lwinpthread: No such file or directory
collect2: error: ld returned 1 exit status
configure:13405: $? = 1
configure: failed program was:
| /* confdefs.h */
| #define PACKAGE_NAME "F2FS tools"
| #define PACKAGE_TARNAME "f2fs-tools"
| #define PACKAGE_VERSION "1.16.0"
| #define PACKAGE_STRING "F2FS tools 1.16.0"
| #define PACKAGE_BUGREPORT "linux-f2fs-devel@lists.sourceforge.net"
| #define PACKAGE_URL ""
| #define F2FS_TOOLS_VERSION "1.16.0"
| #define F2FS_MAJOR_VERSION 1
| #define F2FS_MINOR_VERSION 16
| #define F2FS_TOOLS_DATE "2023-04-11"
| #define PACKAGE "f2fs-tools"
| #define VERSION "1.16.0"
| #define HAVE_STDIO_H 1
| #define HAVE_STDLIB_H 1
| #define HAVE_STRING_H 1
| #define HAVE_INTTYPES_H 1
| #define HAVE_STDINT_H 1
| #define HAVE_STRINGS_H 1
| #define HAVE_SYS_STAT_H 1
| #define HAVE_SYS_TYPES_H 1
| #define HAVE_UNISTD_H 1
| #define STDC_HEADERS 1
| #define HAVE_DLFCN_H 1
| #define LT_OBJDIR ".libs/"
| #define HAVE_LIBBLKID 1
| #define HAVE_LIBSELINUX 1
| #define HAVE_LIBUUID 1
| /* end confdefs.h.  */
| 
| /* Override any GCC internal prototype to avoid an error.
|    Use char because int might match the return type of a GCC
|    builtin and then its argument prototype would still apply.  */
| char clock_gettime ();
| int
| main (void)
| {
| return clock_gettime ();
|   ;
|   return 0;
| }
configure:13415: result: no
configure:13429: checking for attr/xattr.h
configure:13429: gcc -c -g -O2  conftest.c >&5
conftest.c:58:10: fatal error: attr/xattr.h: No such file or directory
   58 | #include <attr/xattr.h>
      |          ^~~~~~~~~~~~~~
compilation terminated.
configure:13429: $? = 1
configure: failed program was:
| /* confdefs.h */
| #define PACKAGE_NAME "F2FS tools"
| #define PACKAGE_TARNAME "f2fs-tools"
| #define PACKAGE_VERSION "1.16.0"
| #define PACKAGE_STRING "F2FS tools 1.16.0"
| #define PACKAGE_BUGREPORT "linux-f2fs-devel@lists.sourceforge.net"
| #define PACKAGE_URL ""
| #define F2FS_TOOLS_VERSION "1.16.0"
| #define F2FS_MAJOR_VERSION 1
| #define F2FS_MINOR_VERSION 16
| #define F2FS_TOOLS_DATE "2023-04-11"
| #define PACKAGE "f2fs-tools"
| #define VERSION "1.16.0"
| #define HAVE_STDIO_H 1
| #define HAVE_STDLIB_H 1
| #define HAVE_STRING_H 1
| #define HAVE_INTTYPES_H 1
| #define HAVE_STDINT_H 1
| #define HAVE_STRINGS_H 1
| #define HAVE_SYS_STAT_H 1
| #define HAVE_SYS_TYPES_H 1
| #define HAVE_UNISTD_H 1
| #define STDC_HEADERS 1
| #define HAVE_DLFCN_H 1
| #define LT_OBJDIR ".libs/"
| #define HAVE_LIBBLKID 1
| #define HAVE_LIBSELINUX 1
| #define HAVE_LIBUUID 1
| /* end confdefs.h.  */
| #include <stddef.h>
| #ifdef HAVE_STDIO_H
| # include <stdio.h>
| #endif
| #ifdef HAVE_STDLIB_H
| # include <stdlib.h>
| #endif
| #ifdef HAVE_STRING_H
| # include <string.h>
| #endif
| #ifdef HAVE_INTTYPES_H
| # include <inttypes.h>
| #endif
| #ifdef HAVE_STDINT_H
| # include <stdint.h>
| #endif
| #ifdef HAVE_STRINGS_H
| # include <strings.h>
| #endif
| #ifdef HAVE_SYS_TYPES_H
| # include <sys/types.h>
| #endif
| #ifdef HAVE_SYS_STAT_H
| # include <sys/stat.h>
| #endif
| #ifdef HAVE_UNISTD_H
| # include <unistd.h>
| #endif
| #include <attr/xattr.h>
configure:13429: result: no
configure:13435: checking for blkid/blkid.h
configure:13435: gcc -c -g -O2  conftest.c >&5
configure:13435: $? = 0
configure:13435: result: yes
configure:13441: checking for byteswap.h
configure:13441: gcc -c -g -O2  conftest.c >&5
configure:13441: $? = 0
configure:13441: result: yes
configure:13447: checking for fcntl.h
configure:13447: gcc -c -g -O2  conftest.c >&5
configure:13447: $? = 0
configure:13447: result: yes
configure:13453: checking for kernel/uapi/linux/blkzoned.h
configure:13453: gcc -c -g -O2  conftest.c >&5
conftest.c:61:10: fatal error: kernel/uapi/linux/blkzoned.h: No such file or directory
   61 | #include <kernel/uapi/linux/blkzoned.h>
      |          ^~~~~~~~~~~~~~~~~~~~~~~~~~~~~~
compilation terminated.
configure:13453: $? = 1
configure: failed program was:
| /* confdefs.h */
| #define PACKAGE_NAME "F2FS tools"
| #define PACKAGE_TARNAME "f2fs-tools"
| #define PACKAGE_VERSION "1.16.0"
| #define PACKAGE_STRING "F2FS tools 1.16.0"
| #define PACKAGE_BUGREPORT "linux-f2fs-devel@lists.sourceforge.net"
| #define PACKAGE_URL ""
| #define F2FS_TOOLS_VERSION "1.16.0"
| #define F2FS_MAJOR_VERSION 1
| #define F2FS_MINOR_VERSION 16
| #define F2FS_TOOLS_DATE "2023-04-11"
| #define PACKAGE "f2fs-tools"
| #define VERSION "1.16.0"
| #define HAVE_STDIO_H 1
| #define HAVE_STDLIB_H 1
| #define HAVE_STRING_H 1
| #define HAVE_INTTYPES_H 1
| #define HAVE_STDINT_H 1
| #define HAVE_STRINGS_H 1
| #define HAVE_SYS_STAT_H 1
| #define HAVE_SYS_TYPES_H 1
| #define HAVE_UNISTD_H 1
| #define STDC_HEADERS 1
| #define HAVE_DLFCN_H 1
| #define LT_OBJDIR ".libs/"
| #define HAVE_LIBBLKID 1
| #define HAVE_LIBSELINUX 1
| #define HAVE_LIBUUID 1
| #define HAVE_BLKID_BLKID_H 1
| #define HAVE_BYTESWAP_H 1
| #define HAVE_FCNTL_H 1
| /* end confdefs.h.  */
| #include <stddef.h>
| #ifdef HAVE_STDIO_H
| # include <stdio.h>
| #endif
| #ifdef HAVE_STDLIB_H
| # include <stdlib.h>
| #endif
| #ifdef HAVE_STRING_H
| # include <string.h>
| #endif
| #ifdef HAVE_INTTYPES_H
| # include <inttypes.h>
| #endif
| #ifdef HAVE_STDINT_H
| # include <stdint.h>
| #endif
| #ifdef HAVE_STRINGS_H
| # include <strings.h>
| #endif
| #ifdef HAVE_SYS_TYPES_H
| # include <sys/types.h>
| #endif
| #ifdef HAVE_SYS_STAT_H
| # include <sys/stat.h>
| #endif
| #ifdef HAVE_UNISTD_H
| # include <unistd.h>
| #endif
| #include <kernel/uapi/linux/blkzoned.h>
configure:13453: result: no
configure:13459: checking for linux/blkzoned.h
configure:13459: gcc -c -g -O2  conftest.c >&5
configure:13459: $? = 0
configure:13459: result: yes
configure:13465: checking for linux/falloc.h
configure:13465: gcc -c -g -O2  conftest.c >&5
configure:13465: $? = 0
configure:13465: result: yes
configure:13471: checking for linux/fiemap.h
configure:13471: gcc -c -g -O2  conftest.c >&5
configure:13471: $? = 0
configure:13471: result: yes
configure:13477: checking for linux/fs.h
configure:13477: gcc -c -g -O2  conftest.c >&5
configure:13477: $? = 0
configure:13477: result: yes
configure:13483: checking for linux/hdreg.h
configure:13483: gcc -c -g -O2  conftest.c >&5
configure:13483: $? = 0
configure:13483: result: yes
configure:13489: checking for linux/limits.h
configure:13489: gcc -c -g -O2  conftest.c >&5
configure:13489: $? = 0
configure:13489: result: yes
configure:13495: checking for linux/posix_acl.h
configure:13495: gcc -c -g -O2  conftest.c >&5
configure:13495: $? = 0
configure:13495: result: yes
configure:13501: checking for linux/types.h
configure:13501: gcc -c -g -O2  conftest.c >&5
configure:13501: $? = 0
configure:13501: result: yes
configure:13507: checking for linux/xattr.h
configure:13507: gcc -c -g -O2  conftest.c >&5
configure:13507: $? = 0
configure:13507: result: yes
configure:13513: checking for mach/mach_time.h
configure:13513: gcc -c -g -O2  conftest.c >&5
conftest.c:70:10: fatal error: mach/mach_time.h: No such file or directory
   70 | #include <mach/mach_time.h>
      |          ^~~~~~~~~~~~~~~~~~
compilation terminated.
configure:13513: $? = 1
configure: failed program was:
| /* confdefs.h */
| #define PACKAGE_NAME "F2FS tools"
| #define PACKAGE_TARNAME "f2fs-tools"
| #define PACKAGE_VERSION "1.16.0"
| #define PACKAGE_STRING "F2FS tools 1.16.0"
| #define PACKAGE_BUGREPORT "linux-f2fs-devel@lists.sourceforge.net"
| #define PACKAGE_URL ""
| #define F2FS_TOOLS_VERSION "1.16.0"
| #define F2FS_MAJOR_VERSION 1
| #define F2FS_MINOR_VERSION 16
| #define F2FS_TOOLS_DATE "2023-04-11"
| #define PACKAGE "f2fs-tools"
| #define VERSION "1.16.0"
| #define HAVE_STDIO_H 1
| #define HAVE_STDLIB_H 1
| #define HAVE_STRING_H 1
| #define HAVE_INTTYPES_H 1
| #define HAVE_STDINT_H 1
| #define HAVE_STRINGS_H 1
| #define HAVE_SYS_STAT_H 1
| #define HAVE_SYS_TYPES_H 1
| #define HAVE_UNISTD_H 1
| #define STDC_HEADERS 1
| #define HAVE_DLFCN_H 1
| #define LT_OBJDIR ".libs/"
| #define HAVE_LIBBLKID 1
| #define HAVE_LIBSELINUX 1
| #define HAVE_LIBUUID 1
| #define HAVE_BLKID_BLKID_H 1
| #define HAVE_BYTESWAP_H 1
| #define HAVE_FCNTL_H 1
| #define HAVE_LINUX_BLKZONED_H 1
| #define HAVE_LINUX_FALLOC_H 1
| #define HAVE_LINUX_FIEMAP_H 1
| #define HAVE_LINUX_FS_H 1
| #define HAVE_LINUX_HDREG_H 1
| #define HAVE_LINUX_LIMITS_H 1
| #define HAVE_LINUX_POSIX_ACL_H 1
| #define HAVE_LINUX_TYPES_H 1
| #define HAVE_LINUX_XATTR_H 1
| /* end confdefs.h.  */
| #include <stddef.h>
| #ifdef HAVE_STDIO_H
| # include <stdio.h>
| #endif
| #ifdef HAVE_STDLIB_H
| # include <stdlib.h>
| #endif
| #ifdef HAVE_STRING_H
| # include <string.h>
| #endif
| #ifdef HAVE_INTTYPES_H
| # include <inttypes.h>
| #endif
| #ifdef HAVE_STDINT_H
| # include <stdint.h>
| #endif
| #ifdef HAVE_STRINGS_H
| # include <strings.h>
| #endif
| #ifdef HAVE_SYS_TYPES_H
| # include <sys/types.h>
| #endif
| #ifdef HAVE_SYS_STAT_H
| # include <sys/stat.h>
| #endif
| #ifdef HAVE_UNISTD_H
| # include <unistd.h>
| #endif
| #include <mach/mach_time.h>
configure:13513: result: no
configure:13519: checking for mntent.h
configure:13519: gcc -c -g -O2  conftest.c >&5
configure:13519: $? = 0
configure:13519: result: yes
configure:13525: checking for pthread_time.h
configure:13525: gcc -c -g -O2  conftest.c >&5
conftest.c:71:10: fatal error: pthread_time.h: No such file or directory
   71 | #include <pthread_time.h>
      |          ^~~~~~~~~~~~~~~~
compilation terminated.
configure:13525: $? = 1
configure: failed program was:
| /* confdefs.h */
| #define PACKAGE_NAME "F2FS tools"
| #define PACKAGE_TARNAME "f2fs-tools"
| #define PACKAGE_VERSION "1.16.0"
| #define PACKAGE_STRING "F2FS tools 1.16.0"
| #define PACKAGE_BUGREPORT "linux-f2fs-devel@lists.sourceforge.net"
| #define PACKAGE_URL ""
| #define F2FS_TOOLS_VERSION "1.16.0"
| #define F2FS_MAJOR_VERSION 1
| #define F2FS_MINOR_VERSION 16
| #define F2FS_TOOLS_DATE "2023-04-11"
| #define PACKAGE "f2fs-tools"
| #define VERSION "1.16.0"
| #define HAVE_STDIO_H 1
| #define HAVE_STDLIB_H 1
| #define HAVE_STRING_H 1
| #define HAVE_INTTYPES_H 1
| #define HAVE_STDINT_H 1
| #define HAVE_STRINGS_H 1
| #define HAVE_SYS_STAT_H 1
| #define HAVE_SYS_TYPES_H 1
| #define HAVE_UNISTD_H 1
| #define STDC_HEADERS 1
| #define HAVE_DLFCN_H 1
| #define LT_OBJDIR ".libs/"
| #define HAVE_LIBBLKID 1
| #define HAVE_LIBSELINUX 1
| #define HAVE_LIBUUID 1
| #define HAVE_BLKID_BLKID_H 1
| #define HAVE_BYTESWAP_H 1
| #define HAVE_FCNTL_H 1
| #define HAVE_LINUX_BLKZONED_H 1
| #define HAVE_LINUX_FALLOC_H 1
| #define HAVE_LINUX_FIEMAP_H 1
| #define HAVE_LINUX_FS_H 1
| #define HAVE_LINUX_HDREG_H 1
| #define HAVE_LINUX_LIMITS_H 1
| #define HAVE_LINUX_POSIX_ACL_H 1
| #define HAVE_LINUX_TYPES_H 1
| #define HAVE_LINUX_XATTR_H 1
| #define HAVE_MNTENT_H 1
| /* end confdefs.h.  */
| #include <stddef.h>
| #ifdef HAVE_STDIO_H
| # include <stdio.h>
| #endif
| #ifdef HAVE_STDLIB_H
| # include <stdlib.h>
| #endif
| #ifdef HAVE_STRING_H
| # include <string.h>
| #endif
| #ifdef HAVE_INTTYPES_H
| # include <inttypes.h>
| #endif
| #ifdef HAVE_STDINT_H
| # include <stdint.h>
| #endif
| #ifdef HAVE_STRINGS_H
| # include <strings.h>
| #endif
| #ifdef HAVE_SYS_TYPES_H
| # include <sys/types.h>
| #endif
| #ifdef HAVE_SYS_STAT_H
| # include <sys/stat.h>
| #endif
| #ifdef HAVE_UNISTD_H
| # include <unistd.h>
| #endif
| #include <pthread_time.h>
configure:13525: result: no
configure:13531: checking for scsi/sg.h
configure:13531: gcc -c -g -O2  conftest.c >&5
configure:13531: $? = 0
configure:13531: result: yes
configure:13537: checking for selinux/android.h
configure:13537: gcc -c -g -O2  conftest.c >&5
conftest.c:72:10: fatal error: selinux/android.h: No such file or directory
   72 | #include <selinux/android.h>
      |          ^~~~~~~~~~~~~~~~~~~
compilation terminated.
configure:13537: $? = 1
configure: failed program was:
| /* confdefs.h */
| #define PACKAGE_NAME "F2FS tools"
| #define PACKAGE_TARNAME "f2fs-tools"
| #define PACKAGE_VERSION "1.16.0"
| #define PACKAGE_STRING "F2FS tools 1.16.0"
| #define PACKAGE_BUGREPORT "linux-f2fs-devel@lists.sourceforge.net"
| #define PACKAGE_URL ""
| #define F2FS_TOOLS_VERSION "1.16.0"
| #define F2FS_MAJOR_VERSION 1
| #define F2FS_MINOR_VERSION 16
| #define F2FS_TOOLS_DATE "2023-04-11"
| #define PACKAGE "f2fs-tools"
| #define VERSION "1.16.0"
| #define HAVE_STDIO_H 1
| #define HAVE_STDLIB_H 1
| #define HAVE_STRING_H 1
| #define HAVE_INTTYPES_H 1
| #define HAVE_STDINT_H 1
| #define HAVE_STRINGS_H 1
| #define HAVE_SYS_STAT_H 1
| #define HAVE_SYS_TYPES_H 1
| #define HAVE_UNISTD_H 1
| #define STDC_HEADERS 1
| #define HAVE_DLFCN_H 1
| #define LT_OBJDIR ".libs/"
| #define HAVE_LIBBLKID 1
| #define HAVE_LIBSELINUX 1
| #define HAVE_LIBUUID 1
| #define HAVE_BLKID_BLKID_H 1
| #define HAVE_BYTESWAP_H 1
| #define HAVE_FCNTL_H 1
| #define HAVE_LINUX_BLKZONED_H 1
| #define HAVE_LINUX_FALLOC_H 1
| #define HAVE_LINUX_FIEMAP_H 1
| #define HAVE_LINUX_FS_H 1
| #define HAVE_LINUX_HDREG_H 1
| #define HAVE_LINUX_LIMITS_H 1
| #define HAVE_LINUX_POSIX_ACL_H 1
| #define HAVE_LINUX_TYPES_H 1
| #define HAVE_LINUX_XATTR_H 1
| #define HAVE_MNTENT_H 1
| #define HAVE_SCSI_SG_H 1
| /* end confdefs.h.  */
| #include <stddef.h>
| #ifdef HAVE_STDIO_H
| # include <stdio.h>
| #endif
| #ifdef HAVE_STDLIB_H
| # include <stdlib.h>
| #endif
| #ifdef HAVE_STRING_H
| # include <string.h>
| #endif
| #ifdef HAVE_INTTYPES_H
| # include <inttypes.h>
| #endif
| #ifdef HAVE_STDINT_H
| # include <stdint.h>
| #endif
| #ifdef HAVE_STRINGS_H
| # include <strings.h>
| #endif
| #ifdef HAVE_SYS_TYPES_H
| # include <sys/types.h>
| #endif
| #ifdef HAVE_SYS_STAT_H
| # include <sys/stat.h>
| #endif
| #ifdef HAVE_UNISTD_H
| # include <unistd.h>
| #endif
| #include <selinux/android.h>
configure:13537: result: no
configure:13543: checking for selinux/selinux.h
configure:13543: gcc -c -g -O2  conftest.c >&5
configure:13543: $? = 0
configure:13543: result: yes
configure:13549: checking for sparse/sparse.h
configure:13549: gcc -c -g -O2  conftest.c >&5
conftest.c:73:10: fatal error: sparse/sparse.h: No such file or directory
   73 | #include <sparse/sparse.h>
      |          ^~~~~~~~~~~~~~~~~
compilation terminated.
configure:13549: $? = 1
configure: failed program was:
| /* confdefs.h */
| #define PACKAGE_NAME "F2FS tools"
| #define PACKAGE_TARNAME "f2fs-tools"
| #define PACKAGE_VERSION "1.16.0"
| #define PACKAGE_STRING "F2FS tools 1.16.0"
| #define PACKAGE_BUGREPORT "linux-f2fs-devel@lists.sourceforge.net"
| #define PACKAGE_URL ""
| #define F2FS_TOOLS_VERSION "1.16.0"
| #define F2FS_MAJOR_VERSION 1
| #define F2FS_MINOR_VERSION 16
| #define F2FS_TOOLS_DATE "2023-04-11"
| #define PACKAGE "f2fs-tools"
| #define VERSION "1.16.0"
| #define HAVE_STDIO_H 1
| #define HAVE_STDLIB_H 1
| #define HAVE_STRING_H 1
| #define HAVE_INTTYPES_H 1
| #define HAVE_STDINT_H 1
| #define HAVE_STRINGS_H 1
| #define HAVE_SYS_STAT_H 1
| #define HAVE_SYS_TYPES_H 1
| #define HAVE_UNISTD_H 1
| #define STDC_HEADERS 1
| #define HAVE_DLFCN_H 1
| #define LT_OBJDIR ".libs/"
| #define HAVE_LIBBLKID 1
| #define HAVE_LIBSELINUX 1
| #define HAVE_LIBUUID 1
| #define HAVE_BLKID_BLKID_H 1
| #define HAVE_BYTESWAP_H 1
| #define HAVE_FCNTL_H 1
| #define HAVE_LINUX_BLKZONED_H 1
| #define HAVE_LINUX_FALLOC_H 1
| #define HAVE_LINUX_FIEMAP_H 1
| #define HAVE_LINUX_FS_H 1
| #define HAVE_LINUX_HDREG_H 1
| #define HAVE_LINUX_LIMITS_H 1
| #define HAVE_LINUX_POSIX_ACL_H 1
| #define HAVE_LINUX_TYPES_H 1
| #define HAVE_LINUX_XATTR_H 1
| #define HAVE_MNTENT_H 1
| #define HAVE_SCSI_SG_H 1
| #define HAVE_SELINUX_SELINUX_H 1
| /* end confdefs.h.  */
| #include <stddef.h>
| #ifdef HAVE_STDIO_H
| # include <stdio.h>
| #endif
| #ifdef HAVE_STDLIB_H
| # include <stdlib.h>
| #endif
| #ifdef HAVE_STRING_H
| # include <string.h>
| #endif
| #ifdef HAVE_INTTYPES_H
| # include <inttypes.h>
| #endif
| #ifdef HAVE_STDINT_H
| # include <stdint.h>
| #endif
| #ifdef HAVE_STRINGS_H
| # include <strings.h>
| #endif
| #ifdef HAVE_SYS_TYPES_H
| # include <sys/types.h>
| #endif
| #ifdef HAVE_SYS_STAT_H
| # include <sys/stat.h>
| #endif
| #ifdef HAVE_UNISTD_H
| # include <unistd.h>
| #endif
| #include <sparse/sparse.h>
configure:13549: result: no
configure:13555: checking for stdlib.h
configure:13555: result: yes
configure:13561: checking for string.h
configure:13561: result: yes
configure:13567: checking for sys/acl.h
configure:13567: gcc -c -g -O2  conftest.c >&5
conftest.c:75:10: fatal error: sys/acl.h: No such file or directory
   75 | #include <sys/acl.h>
      |          ^~~~~~~~~~~
compilation terminated.
configure:13567: $? = 1
configure: failed program was:
| /* confdefs.h */
| #define PACKAGE_NAME "F2FS tools"
| #define PACKAGE_TARNAME "f2fs-tools"
| #define PACKAGE_VERSION "1.16.0"
| #define PACKAGE_STRING "F2FS tools 1.16.0"
| #define PACKAGE_BUGREPORT "linux-f2fs-devel@lists.sourceforge.net"
| #define PACKAGE_URL ""
| #define F2FS_TOOLS_VERSION "1.16.0"
| #define F2FS_MAJOR_VERSION 1
| #define F2FS_MINOR_VERSION 16
| #define F2FS_TOOLS_DATE "2023-04-11"
| #define PACKAGE "f2fs-tools"
| #define VERSION "1.16.0"
| #define HAVE_STDIO_H 1
| #define HAVE_STDLIB_H 1
| #define HAVE_STRING_H 1
| #define HAVE_INTTYPES_H 1
| #define HAVE_STDINT_H 1
| #define HAVE_STRINGS_H 1
| #define HAVE_SYS_STAT_H 1
| #define HAVE_SYS_TYPES_H 1
| #define HAVE_UNISTD_H 1
| #define STDC_HEADERS 1
| #define HAVE_DLFCN_H 1
| #define LT_OBJDIR ".libs/"
| #define HAVE_LIBBLKID 1
| #define HAVE_LIBSELINUX 1
| #define HAVE_LIBUUID 1
| #define HAVE_BLKID_BLKID_H 1
| #define HAVE_BYTESWAP_H 1
| #define HAVE_FCNTL_H 1
| #define HAVE_LINUX_BLKZONED_H 1
| #define HAVE_LINUX_FALLOC_H 1
| #define HAVE_LINUX_FIEMAP_H 1
| #define HAVE_LINUX_FS_H 1
| #define HAVE_LINUX_HDREG_H 1
| #define HAVE_LINUX_LIMITS_H 1
| #define HAVE_LINUX_POSIX_ACL_H 1
| #define HAVE_LINUX_TYPES_H 1
| #define HAVE_LINUX_XATTR_H 1
| #define HAVE_MNTENT_H 1
| #define HAVE_SCSI_SG_H 1
| #define HAVE_SELINUX_SELINUX_H 1
| #define HAVE_STDLIB_H 1
| #define HAVE_STRING_H 1
| /* end confdefs.h.  */
| #include <stddef.h>
| #ifdef HAVE_STDIO_H
| # include <stdio.h>
| #endif
| #ifdef HAVE_STDLIB_H
| # include <stdlib.h>
| #endif
| #ifdef HAVE_STRING_H
| # include <string.h>
| #endif
| #ifdef HAVE_INTTYPES_H
| # include <inttypes.h>
| #endif
| #ifdef HAVE_STDINT_H
| # include <stdint.h>
| #endif
| #ifdef HAVE_STRINGS_H
| # include <strings.h>
| #endif
| #ifdef HAVE_SYS_TYPES_H
| # include <sys/types.h>
| #endif
| #ifdef HAVE_SYS_STAT_H
| # include <sys/stat.h>
| #endif
| #ifdef HAVE_UNISTD_H
| # include <unistd.h>
| #endif
| #include <sys/acl.h>
configure:13567: result: no
configure:13573: checking for sys/ioctl.h
configure:13573: gcc -c -g -O2  conftest.c >&5
configure:13573: $? = 0
configure:13573: result: yes
configure:13579: checking for sys/mount.h
configure:13579: gcc -c -g -O2  conftest.c >&5
configure:13579: $? = 0
configure:13579: result: yes
configure:13585: checking for sys/stat.h
configure:13585: result: yes
configure:13591: checking for sys/syscall.h
configure:13591: gcc -c -g -O2  conftest.c >&5
configure:13591: $? = 0
configure:13591: result: yes
configure:13597: checking for sys/sysmacros.h
configure:13597: gcc -c -g -O2  conftest.c >&5
configure:13597: $? = 0
configure:13597: result: yes
configure:13603: checking for sys/utsname.h
configure:13603: gcc -c -g -O2  conftest.c >&5
configure:13603: $? = 0
configure:13603: result: yes
configure:13609: checking for sys/xattr.h
configure:13609: gcc -c -g -O2  conftest.c >&5
configure:13609: $? = 0
configure:13609: result: yes
configure:13615: checking for unistd.h
configure:13615: result: yes
configure:13621: checking for uuid/uuid.h
configure:13621: gcc -c -g -O2  conftest.c >&5
configure:13621: $? = 0
configure:13621: result: yes
configure:13630: checking for inline
configure:13647: gcc -c -g -O2  conftest.c >&5
configure:13647: $? = 0
configure:13656: result: inline
configure:13674: checking for int32_t
configure:13674: gcc -c -g -O2  conftest.c >&5
configure:13674: $? = 0
configure:13674: gcc -c -g -O2  conftest.c >&5
conftest.c: In function 'main':
conftest.c:89:67: warning: integer overflow in expression of type 'int' results in '-2147483648' [-Woverflow]
   89 |                  < (int32_t) (((((int32_t) 1 << N) << N) - 1) * 2 + 2))];
      |                                                                   ^
conftest.c:88:12: error: storage size of 'test_array' isn't constant
   88 | static int test_array [1 - 2 * !((int32_t) (((((int32_t) 1 << N) << N) - 1) * 2 + 1)
      |            ^~~~~~~~~~
configure:13674: $? = 1
configure: failed program was:
| /* confdefs.h */
| #define PACKAGE_NAME "F2FS tools"
| #define PACKAGE_TARNAME "f2fs-tools"
| #define PACKAGE_VERSION "1.16.0"
| #define PACKAGE_STRING "F2FS tools 1.16.0"
| #define PACKAGE_BUGREPORT "linux-f2fs-devel@lists.sourceforge.net"
| #define PACKAGE_URL ""
| #define F2FS_TOOLS_VERSION "1.16.0"
| #define F2FS_MAJOR_VERSION 1
| #define F2FS_MINOR_VERSION 16
| #define F2FS_TOOLS_DATE "2023-04-11"
| #define PACKAGE "f2fs-tools"
| #define VERSION "1.16.0"
| #define HAVE_STDIO_H 1
| #define HAVE_STDLIB_H 1
| #define HAVE_STRING_H 1
| #define HAVE_INTTYPES_H 1
| #define HAVE_STDINT_H 1
| #define HAVE_STRINGS_H 1
| #define HAVE_SYS_STAT_H 1
| #define HAVE_SYS_TYPES_H 1
| #define HAVE_UNISTD_H 1
| #define STDC_HEADERS 1
| #define HAVE_DLFCN_H 1
| #define LT_OBJDIR ".libs/"
| #define HAVE_LIBBLKID 1
| #define HAVE_LIBSELINUX 1
| #define HAVE_LIBUUID 1
| #define HAVE_BLKID_BLKID_H 1
| #define HAVE_BYTESWAP_H 1
| #define HAVE_FCNTL_H 1
| #define HAVE_LINUX_BLKZONED_H 1
| #define HAVE_LINUX_FALLOC_H 1
| #define HAVE_LINUX_FIEMAP_H 1
| #define HAVE_LINUX_FS_H 1
| #define HAVE_LINUX_HDREG_H 1
| #define HAVE_LINUX_LIMITS_H 1
| #define HAVE_LINUX_POSIX_ACL_H 1
| #define HAVE_LINUX_TYPES_H 1
| #define HAVE_LINUX_XATTR_H 1
| #define HAVE_MNTENT_H 1
| #define HAVE_SCSI_SG_H 1
| #define HAVE_SELINUX_SELINUX_H 1
| #define HAVE_STDLIB_H 1
| #define HAVE_STRING_H 1
| #define HAVE_SYS_IOCTL_H 1
| #define HAVE_SYS_MOUNT_H 1
| #define HAVE_SYS_STAT_H 1
| #define HAVE_SYS_SYSCALL_H 1
| #define HAVE_SYS_SYSMACROS_H 1
| #define HAVE_SYS_UTSNAME_H 1
| #define HAVE_SYS_XATTR_H 1
| #define HAVE_UNISTD_H 1
| #define HAVE_UUID_UUID_H 1
| /* end confdefs.h.  */
| #include <stddef.h>
| #ifdef HAVE_STDIO_H
| # include <stdio.h>
| #endif
| #ifdef HAVE_STDLIB_H
| # include <stdlib.h>
| #endif
| #ifdef HAVE_STRING_H
| # include <string.h>
| #endif
| #ifdef HAVE_INTTYPES_H
| # include <inttypes.h>
| #endif
| #ifdef HAVE_STDINT_H
| # include <stdint.h>
| #endif
| #ifdef HAVE_STRINGS_H
| # include <strings.h>
| #endif
| #ifdef HAVE_SYS_TYPES_H
| # include <sys/types.h>
| #endif
| #ifdef HAVE_SYS_STAT_H
| # include <sys/stat.h>
| #endif
| #ifdef HAVE_UNISTD_H
| # include <unistd.h>
| #endif
| 	        enum { N = 32 / 2 - 1 };
| int
| main (void)
| {
| static int test_array [1 - 2 * !((int32_t) (((((int32_t) 1 << N) << N) - 1) * 2 + 1)
| 		 < (int32_t) (((((int32_t) 1 << N) << N) - 1) * 2 + 2))];
| test_array [0] = 0;
| return test_array [0];
| 
|   ;
|   return 0;
| }
configure:13674: result: yes
configure:13683: checking for int8_t
configure:13683: gcc -c -g -O2  conftest.c >&5
configure:13683: $? = 0
configure:13683: gcc -c -g -O2  conftest.c >&5
conftest.c: In function 'main':
conftest.c:88:12: error: size of array 'test_array' is negative
   88 | static int test_array [1 - 2 * !((int8_t) (((((int8_t) 1 << N) << N) - 1) * 2 + 1)
      |            ^~~~~~~~~~
configure:13683: $? = 1
configure: failed program was:
| /* confdefs.h */
| #define PACKAGE_NAME "F2FS tools"
| #define PACKAGE_TARNAME "f2fs-tools"
| #define PACKAGE_VERSION "1.16.0"
| #define PACKAGE_STRING "F2FS tools 1.16.0"
| #define PACKAGE_BUGREPORT "linux-f2fs-devel@lists.sourceforge.net"
| #define PACKAGE_URL ""
| #define F2FS_TOOLS_VERSION "1.16.0"
| #define F2FS_MAJOR_VERSION 1
| #define F2FS_MINOR_VERSION 16
| #define F2FS_TOOLS_DATE "2023-04-11"
| #define PACKAGE "f2fs-tools"
| #define VERSION "1.16.0"
| #define HAVE_STDIO_H 1
| #define HAVE_STDLIB_H 1
| #define HAVE_STRING_H 1
| #define HAVE_INTTYPES_H 1
| #define HAVE_STDINT_H 1
| #define HAVE_STRINGS_H 1
| #define HAVE_SYS_STAT_H 1
| #define HAVE_SYS_TYPES_H 1
| #define HAVE_UNISTD_H 1
| #define STDC_HEADERS 1
| #define HAVE_DLFCN_H 1
| #define LT_OBJDIR ".libs/"
| #define HAVE_LIBBLKID 1
| #define HAVE_LIBSELINUX 1
| #define HAVE_LIBUUID 1
| #define HAVE_BLKID_BLKID_H 1
| #define HAVE_BYTESWAP_H 1
| #define HAVE_FCNTL_H 1
| #define HAVE_LINUX_BLKZONED_H 1
| #define HAVE_LINUX_FALLOC_H 1
| #define HAVE_LINUX_FIEMAP_H 1
| #define HAVE_LINUX_FS_H 1
| #define HAVE_LINUX_HDREG_H 1
| #define HAVE_LINUX_LIMITS_H 1
| #define HAVE_LINUX_POSIX_ACL_H 1
| #define HAVE_LINUX_TYPES_H 1
| #define HAVE_LINUX_XATTR_H 1
| #define HAVE_MNTENT_H 1
| #define HAVE_SCSI_SG_H 1
| #define HAVE_SELINUX_SELINUX_H 1
| #define HAVE_STDLIB_H 1
| #define HAVE_STRING_H 1
| #define HAVE_SYS_IOCTL_H 1
| #define HAVE_SYS_MOUNT_H 1
| #define HAVE_SYS_STAT_H 1
| #define HAVE_SYS_SYSCALL_H 1
| #define HAVE_SYS_SYSMACROS_H 1
| #define HAVE_SYS_UTSNAME_H 1
| #define HAVE_SYS_XATTR_H 1
| #define HAVE_UNISTD_H 1
| #define HAVE_UUID_UUID_H 1
| /* end confdefs.h.  */
| #include <stddef.h>
| #ifdef HAVE_STDIO_H
| # include <stdio.h>
| #endif
| #ifdef HAVE_STDLIB_H
| # include <stdlib.h>
| #endif
| #ifdef HAVE_STRING_H
| # include <string.h>
| #endif
| #ifdef HAVE_INTTYPES_H
| # include <inttypes.h>
| #endif
| #ifdef HAVE_STDINT_H
| # include <stdint.h>
| #endif
| #ifdef HAVE_STRINGS_H
| # include <strings.h>
| #endif
| #ifdef HAVE_SYS_TYPES_H
| # include <sys/types.h>
| #endif
| #ifdef HAVE_SYS_STAT_H
| # include <sys/stat.h>
| #endif
| #ifdef HAVE_UNISTD_H
| # include <unistd.h>
| #endif
| 	        enum { N = 8 / 2 - 1 };
| int
| main (void)
| {
| static int test_array [1 - 2 * !((int8_t) (((((int8_t) 1 << N) << N) - 1) * 2 + 1)
| 		 < (int8_t) (((((int8_t) 1 << N) << N) - 1) * 2 + 2))];
| test_array [0] = 0;
| return test_array [0];
| 
|   ;
|   return 0;
| }
configure:13683: result: yes
configure:13692: checking for size_t
configure:13692: gcc -c -g -O2  conftest.c >&5
configure:13692: $? = 0
configure:13692: gcc -c -g -O2  conftest.c >&5
conftest.c: In function 'main':
conftest.c:87:21: error: expected expression before ')' token
   87 | if (sizeof ((size_t)))
      |                     ^
configure:13692: $? = 1
configure: failed program was:
| /* confdefs.h */
| #define PACKAGE_NAME "F2FS tools"
| #define PACKAGE_TARNAME "f2fs-tools"
| #define PACKAGE_VERSION "1.16.0"
| #define PACKAGE_STRING "F2FS tools 1.16.0"
| #define PACKAGE_BUGREPORT "linux-f2fs-devel@lists.sourceforge.net"
| #define PACKAGE_URL ""
| #define F2FS_TOOLS_VERSION "1.16.0"
| #define F2FS_MAJOR_VERSION 1
| #define F2FS_MINOR_VERSION 16
| #define F2FS_TOOLS_DATE "2023-04-11"
| #define PACKAGE "f2fs-tools"
| #define VERSION "1.16.0"
| #define HAVE_STDIO_H 1
| #define HAVE_STDLIB_H 1
| #define HAVE_STRING_H 1
| #define HAVE_INTTYPES_H 1
| #define HAVE_STDINT_H 1
| #define HAVE_STRINGS_H 1
| #define HAVE_SYS_STAT_H 1
| #define HAVE_SYS_TYPES_H 1
| #define HAVE_UNISTD_H 1
| #define STDC_HEADERS 1
| #define HAVE_DLFCN_H 1
| #define LT_OBJDIR ".libs/"
| #define HAVE_LIBBLKID 1
| #define HAVE_LIBSELINUX 1
| #define HAVE_LIBUUID 1
| #define HAVE_BLKID_BLKID_H 1
| #define HAVE_BYTESWAP_H 1
| #define HAVE_FCNTL_H 1
| #define HAVE_LINUX_BLKZONED_H 1
| #define HAVE_LINUX_FALLOC_H 1
| #define HAVE_LINUX_FIEMAP_H 1
| #define HAVE_LINUX_FS_H 1
| #define HAVE_LINUX_HDREG_H 1
| #define HAVE_LINUX_LIMITS_H 1
| #define HAVE_LINUX_POSIX_ACL_H 1
| #define HAVE_LINUX_TYPES_H 1
| #define HAVE_LINUX_XATTR_H 1
| #define HAVE_MNTENT_H 1
| #define HAVE_SCSI_SG_H 1
| #define HAVE_SELINUX_SELINUX_H 1
| #define HAVE_STDLIB_H 1
| #define HAVE_STRING_H 1
| #define HAVE_SYS_IOCTL_H 1
| #define HAVE_SYS_MOUNT_H 1
| #define HAVE_SYS_STAT_H 1
| #define HAVE_SYS_SYSCALL_H 1
| #define HAVE_SYS_SYSMACROS_H 1
| #define HAVE_SYS_UTSNAME_H 1
| #define HAVE_SYS_XATTR_H 1
| #define HAVE_UNISTD_H 1
| #define HAVE_UUID_UUID_H 1
| /* end confdefs.h.  */
| #include <stddef.h>
| #ifdef HAVE_STDIO_H
| # include <stdio.h>
| #endif
| #ifdef HAVE_STDLIB_H
| # include <stdlib.h>
| #endif
| #ifdef HAVE_STRING_H
| # include <string.h>
| #endif
| #ifdef HAVE_INTTYPES_H
| # include <inttypes.h>
| #endif
| #ifdef HAVE_STDINT_H
| # include <stdint.h>
| #endif
| #ifdef HAVE_STRINGS_H
| # include <strings.h>
| #endif
| #ifdef HAVE_SYS_TYPES_H
| # include <sys/types.h>
| #endif
| #ifdef HAVE_SYS_STAT_H
| # include <sys/stat.h>
| #endif
| #ifdef HAVE_UNISTD_H
| # include <unistd.h>
| #endif
| int
| main (void)
| {
| if (sizeof ((size_t)))
| 	    return 0;
|   ;
|   return 0;
| }
configure:13692: result: yes
configure:13706: checking for library containing getmntent
configure:13736: gcc -o conftest -g -O2   conftest.c  >&5
configure:13736: $? = 0
configure:13756: result: none required
configure:13775: checking for add_key
configure:13775: gcc -o conftest -g -O2   conftest.c  >&5
/usr/bin/ld: /tmp/cchbMijE.o: in function `main':
/mnt/delfs/LFS/ScaleLFS/ScaleLFS-6.6.8-SC/f2fs-tools/conftest.c:84: undefined reference to `add_key'
collect2: error: ld returned 1 exit status
configure:13775: $? = 1
configure: failed program was:
| /* confdefs.h */
| #define PACKAGE_NAME "F2FS tools"
| #define PACKAGE_TARNAME "f2fs-tools"
| #define PACKAGE_VERSION "1.16.0"
| #define PACKAGE_STRING "F2FS tools 1.16.0"
| #define PACKAGE_BUGREPORT "linux-f2fs-devel@lists.sourceforge.net"
| #define PACKAGE_URL ""
| #define F2FS_TOOLS_VERSION "1.16.0"
| #define F2FS_MAJOR_VERSION 1
| #define F2FS_MINOR_VERSION 16
| #define F2FS_TOOLS_DATE "2023-04-11"
| #define PACKAGE "f2fs-tools"
| #define VERSION "1.16.0"
| #define HAVE_STDIO_H 1
| #define HAVE_STDLIB_H 1
| #define HAVE_STRING_H 1
| #define HAVE_INTTYPES_H 1
| #define HAVE_STDINT_H 1
| #define HAVE_STRINGS_H 1
| #define HAVE_SYS_STAT_H 1
| #define HAVE_SYS_TYPES_H 1
| #define HAVE_UNISTD_H 1
| #define STDC_HEADERS 1
| #define HAVE_DLFCN_H 1
| #define LT_OBJDIR ".libs/"
| #define HAVE_LIBBLKID 1
| #define HAVE_LIBSELINUX 1
| #define HAVE_LIBUUID 1
| #define HAVE_BLKID_BLKID_H 1
| #define HAVE_BYTESWAP_H 1
| #define HAVE_FCNTL_H 1
| #define HAVE_LINUX_BLKZONED_H 1
| #define HAVE_LINUX_FALLOC_H 1
| #define HAVE_LINUX_FIEMAP_H 1
| #define HAVE_LINUX_FS_H 1
| #define HAVE_LINUX_HDREG_H 1
| #define HAVE_LINUX_LIMITS_H 1
| #define HAVE_LINUX_POSIX_ACL_H 1
| #define HAVE_LINUX_TYPES_H 1
| #define HAVE_LINUX_XATTR_H 1
| #define HAVE_MNTENT_H 1
| #define HAVE_SCSI_SG_H 1
| #define HAVE_SELINUX_SELINUX_H 1
| #define HAVE_STDLIB_H 1
| #define HAVE_STRING_H 1
| #define HAVE_SYS_IOCTL_H 1
| #define HAVE_SYS_MOUNT_H 1
| #define HAVE_SYS_STAT_H 1
| #define HAVE_SYS_SYSCALL_H 1
| #define HAVE_SYS_SYSMACROS_H 1
| #define HAVE_SYS_UTSNAME_H 1
| #define HAVE_SYS_XATTR_H 1
| #define HAVE_UNISTD_H 1
| #define HAVE_UUID_UUID_H 1
| #define HAVE_GETMNTENT 1
| /* end confdefs.h.  */
| /* Define add_key to an innocuous variant, in case <limits.h> declares add_key.
|    For example, HP-UX 11i <limits.h> declares gettimeofday.  */
| #define add_key innocuous_add_key
| 
| /* System header to define __stub macros and hopefully few prototypes,
|    which can conflict with char add_key (); below.  */
| 
| #include <limits.h>
| #undef add_key
| 
| /* Override any GCC internal prototype to avoid an error.
|    Use char because int might match the return type of a GCC
|    builtin and then its argument prototype would still apply.  */
| #ifdef __cplusplus
| extern "C"
| #endif
| char add_key ();
| /* The GNU C library defines this for functions which it implements
|     to always fail with ENOSYS.  Some functions are actually named
|     something starting with __ and the normal name is an alias.  */
| #if defined __stub_add_key || defined __stub___add_key
| choke me
| #endif
| 
| int
| main (void)
| {
| return add_key ();
|   ;
|   return 0;
| }
configure:13775: result: no
configure:13775: checking for fallocate
configure:13775: gcc -o conftest -g -O2   conftest.c  >&5
configure:13775: $? = 0
configure:13775: result: yes
configure:13775: checking for fsetxattr
configure:13775: gcc -o conftest -g -O2   conftest.c  >&5
configure:13775: $? = 0
configure:13775: result: yes
configure:13775: checking for fstat
configure:13775: gcc -o conftest -g -O2   conftest.c  >&5
configure:13775: $? = 0
configure:13775: result: yes
configure:13775: checking for fstat64
configure:13775: gcc -o conftest -g -O2   conftest.c  >&5
configure:13775: $? = 0
configure:13775: result: yes
configure:13775: checking for fsync
configure:13775: gcc -o conftest -g -O2   conftest.c  >&5
configure:13775: $? = 0
configure:13775: result: yes
configure:13775: checking for getgid
configure:13775: gcc -o conftest -g -O2   conftest.c  >&5
configure:13775: $? = 0
configure:13775: result: yes
configure:13775: checking for getmntent
configure:13775: result: yes
configure:13775: checking for getuid
configure:13775: gcc -o conftest -g -O2   conftest.c  >&5
configure:13775: $? = 0
configure:13775: result: yes
configure:13775: checking for keyctl
configure:13775: gcc -o conftest -g -O2   conftest.c  >&5
/usr/bin/ld: /tmp/ccxqXNSR.o: in function `main':
/mnt/delfs/LFS/ScaleLFS/ScaleLFS-6.6.8-SC/f2fs-tools/conftest.c:92: undefined reference to `keyctl'
collect2: error: ld returned 1 exit status
configure:13775: $? = 1
configure: failed program was:
| /* confdefs.h */
| #define PACKAGE_NAME "F2FS tools"
| #define PACKAGE_TARNAME "f2fs-tools"
| #define PACKAGE_VERSION "1.16.0"
| #define PACKAGE_STRING "F2FS tools 1.16.0"
| #define PACKAGE_BUGREPORT "linux-f2fs-devel@lists.sourceforge.net"
| #define PACKAGE_URL ""
| #define F2FS_TOOLS_VERSION "1.16.0"
| #define F2FS_MAJOR_VERSION 1
| #define F2FS_MINOR_VERSION 16
| #define F2FS_TOOLS_DATE "2023-04-11"
| #define PACKAGE "f2fs-tools"
| #define VERSION "1.16.0"
| #define HAVE_STDIO_H 1
| #define HAVE_STDLIB_H 1
| #define HAVE_STRING_H 1
| #define HAVE_INTTYPES_H 1
| #define HAVE_STDINT_H 1
| #define HAVE_STRINGS_H 1
| #define HAVE_SYS_STAT_H 1
| #define HAVE_SYS_TYPES_H 1
| #define HAVE_UNISTD_H 1
| #define STDC_HEADERS 1
| #define HAVE_DLFCN_H 1
| #define LT_OBJDIR ".libs/"
| #define HAVE_LIBBLKID 1
| #define HAVE_LIBSELINUX 1
| #define HAVE_LIBUUID 1
| #define HAVE_BLKID_BLKID_H 1
| #define HAVE_BYTESWAP_H 1
| #define HAVE_FCNTL_H 1
| #define HAVE_LINUX_BLKZONED_H 1
| #define HAVE_LINUX_FALLOC_H 1
| #define HAVE_LINUX_FIEMAP_H 1
| #define HAVE_LINUX_FS_H 1
| #define HAVE_LINUX_HDREG_H 1
| #define HAVE_LINUX_LIMITS_H 1
| #define HAVE_LINUX_POSIX_ACL_H 1
| #define HAVE_LINUX_TYPES_H 1
| #define HAVE_LINUX_XATTR_H 1
| #define HAVE_MNTENT_H 1
| #define HAVE_SCSI_SG_H 1
| #define HAVE_SELINUX_SELINUX_H 1
| #define HAVE_STDLIB_H 1
| #define HAVE_STRING_H 1
| #define HAVE_SYS_IOCTL_H 1
| #define HAVE_SYS_MOUNT_H 1
| #define HAVE_SYS_STAT_H 1
| #define HAVE_SYS_SYSCALL_H 1
| #define HAVE_SYS_SYSMACROS_H 1
| #define HAVE_SYS_UTSNAME_H 1
| #define HAVE_SYS_XATTR_H 1
| #define HAVE_UNISTD_H 1
| #define HAVE_UUID_UUID_H 1
| #define HAVE_GETMNTENT 1
| #define HAVE_FALLOCATE 1
| #define HAVE_FSETXATTR 1
| #define HAVE_FSTAT 1
| #define HAVE_FSTAT64 1
| #define HAVE_FSYNC 1
| #define HAVE_GETGID 1
| #define HAVE_GETMNTENT 1
| #define HAVE_GETUID 1
| /* end confdefs.h.  */
| /* Define keyctl to an innocuous variant, in case <limits.h> declares keyctl.
|    For example, HP-UX 11i <limits.h> declares gettimeofday.  */
| #define keyctl innocuous_keyctl
| 
| /* System header to define __stub macros and hopefully few prototypes,
|    which can conflict with char keyctl (); below.  */
| 
| #include <limits.h>
| #undef keyctl
| 
| /* Override any GCC internal prototype to avoid an error.
|    Use char because int might match the return type of a GCC
|    builtin and then its argument prototype would still apply.  */
| #ifdef __cplusplus
| extern "C"
| #endif
| char keyctl ();
| /* The GNU C library defines this for functions which it implements
|     to always fail with ENOSYS.  Some functions are actually named
|     something starting with __ and the normal name is an alias.  */
| #if defined __stub_keyctl || defined __stub___keyctl
| choke me
| #endif
| 
| int
| main (void)
| {
| return keyctl ();
|   ;
|   return 0;
| }
configure:13775: result: no
configure:13775: checking for llseek
configure:13775: gcc -o conftest -g -O2   conftest.c  >&5
/usr/bin/ld: /tmp/cctOBk1F.o: in function `main':
/mnt/delfs/LFS/ScaleLFS/ScaleLFS-6.6.8-SC/f2fs-tools/conftest.c:92: undefined reference to `llseek'
collect2: error: ld returned 1 exit status
configure:13775: $? = 1
configure: failed program was:
| /* confdefs.h */
| #define PACKAGE_NAME "F2FS tools"
| #define PACKAGE_TARNAME "f2fs-tools"
| #define PACKAGE_VERSION "1.16.0"
| #define PACKAGE_STRING "F2FS tools 1.16.0"
| #define PACKAGE_BUGREPORT "linux-f2fs-devel@lists.sourceforge.net"
| #define PACKAGE_URL ""
| #define F2FS_TOOLS_VERSION "1.16.0"
| #define F2FS_MAJOR_VERSION 1
| #define F2FS_MINOR_VERSION 16
| #define F2FS_TOOLS_DATE "2023-04-11"
| #define PACKAGE "f2fs-tools"
| #define VERSION "1.16.0"
| #define HAVE_STDIO_H 1
| #define HAVE_STDLIB_H 1
| #define HAVE_STRING_H 1
| #define HAVE_INTTYPES_H 1
| #define HAVE_STDINT_H 1
| #define HAVE_STRINGS_H 1
| #define HAVE_SYS_STAT_H 1
| #define HAVE_SYS_TYPES_H 1
| #define HAVE_UNISTD_H 1
| #define STDC_HEADERS 1
| #define HAVE_DLFCN_H 1
| #define LT_OBJDIR ".libs/"
| #define HAVE_LIBBLKID 1
| #define HAVE_LIBSELINUX 1
| #define HAVE_LIBUUID 1
| #define HAVE_BLKID_BLKID_H 1
| #define HAVE_BYTESWAP_H 1
| #define HAVE_FCNTL_H 1
| #define HAVE_LINUX_BLKZONED_H 1
| #define HAVE_LINUX_FALLOC_H 1
| #define HAVE_LINUX_FIEMAP_H 1
| #define HAVE_LINUX_FS_H 1
| #define HAVE_LINUX_HDREG_H 1
| #define HAVE_LINUX_LIMITS_H 1
| #define HAVE_LINUX_POSIX_ACL_H 1
| #define HAVE_LINUX_TYPES_H 1
| #define HAVE_LINUX_XATTR_H 1
| #define HAVE_MNTENT_H 1
| #define HAVE_SCSI_SG_H 1
| #define HAVE_SELINUX_SELINUX_H 1
| #define HAVE_STDLIB_H 1
| #define HAVE_STRING_H 1
| #define HAVE_SYS_IOCTL_H 1
| #define HAVE_SYS_MOUNT_H 1
| #define HAVE_SYS_STAT_H 1
| #define HAVE_SYS_SYSCALL_H 1
| #define HAVE_SYS_SYSMACROS_H 1
| #define HAVE_SYS_UTSNAME_H 1
| #define HAVE_SYS_XATTR_H 1
| #define HAVE_UNISTD_H 1
| #define HAVE_UUID_UUID_H 1
| #define HAVE_GETMNTENT 1
| #define HAVE_FALLOCATE 1
| #define HAVE_FSETXATTR 1
| #define HAVE_FSTAT 1
| #define HAVE_FSTAT64 1
| #define HAVE_FSYNC 1
| #define HAVE_GETGID 1
| #define HAVE_GETMNTENT 1
| #define HAVE_GETUID 1
| /* end confdefs.h.  */
| /* Define llseek to an innocuous variant, in case <limits.h> declares llseek.
|    For example, HP-UX 11i <limits.h> declares gettimeofday.  */
| #define llseek innocuous_llseek
| 
| /* System header to define __stub macros and hopefully few prototypes,
|    which can conflict with char llseek (); below.  */
| 
| #include <limits.h>
| #undef llseek
| 
| /* Override any GCC internal prototype to avoid an error.
|    Use char because int might match the return type of a GCC
|    builtin and then its argument prototype would still apply.  */
| #ifdef __cplusplus
| extern "C"
| #endif
| char llseek ();
| /* The GNU C library defines this for functions which it implements
|     to always fail with ENOSYS.  Some functions are actually named
|     something starting with __ and the normal name is an alias.  */
| #if defined __stub_llseek || defined __stub___llseek
| choke me
| #endif
| 
| int
| main (void)
| {
| return llseek ();
|   ;
|   return 0;
| }
configure:13775: result: no
configure:13775: checking for lseek64
configure:13775: gcc -o conftest -g -O2   conftest.c  >&5
configure:13775: $? = 0
configure:13775: result: yes
configure:13775: checking for memset
configure:13775: gcc -o conftest -g -O2   conftest.c  >&5
conftest.c:82:6: warning: conflicting types for built-in function 'memset'; expected 'void *(void *, int,  long unsigned int)' [-Wbuiltin-declaration-mismatch]
   82 | char memset ();
      |      ^~~~~~
conftest.c:74:1: note: 'memset' is declared in header '<string.h>'
   73 | #include <limits.h>
   74 | #undef memset
configure:13775: $? = 0
configure:13775: result: yes
configure:13775: checking for setmntent
configure:13775: gcc -o conftest -g -O2   conftest.c  >&5
configure:13775: $? = 0
configure:13775: result: yes
configure:13775: checking for clock_gettime
configure:13775: gcc -o conftest -g -O2   conftest.c  >&5
configure:13775: $? = 0
configure:13775: result: yes
configure:13800: checking for gcc options needed to detect all undeclared functions
configure:13822: gcc -c -g -O2   conftest.c >&5
conftest.c: In function 'main':
conftest.c:73:8: error: 'strchr' undeclared (first use in this function)
   73 | (void) strchr;
      |        ^~~~~~
conftest.c:1:1: note: 'strchr' is defined in header '<string.h>'; did you forget to '#include <string.h>'?
    1 | /* confdefs.h */
conftest.c:73:8: note: each undeclared identifier is reported only once for each function it appears in
   73 | (void) strchr;
      |        ^~~~~~
configure:13822: $? = 1
configure: failed program was:
| /* confdefs.h */
| #define PACKAGE_NAME "F2FS tools"
| #define PACKAGE_TARNAME "f2fs-tools"
| #define PACKAGE_VERSION "1.16.0"
| #define PACKAGE_STRING "F2FS tools 1.16.0"
| #define PACKAGE_BUGREPORT "linux-f2fs-devel@lists.sourceforge.net"
| #define PACKAGE_URL ""
| #define F2FS_TOOLS_VERSION "1.16.0"
| #define F2FS_MAJOR_VERSION 1
| #define F2FS_MINOR_VERSION 16
| #define F2FS_TOOLS_DATE "2023-04-11"
| #define PACKAGE "f2fs-tools"
| #define VERSION "1.16.0"
| #define HAVE_STDIO_H 1
| #define HAVE_STDLIB_H 1
| #define HAVE_STRING_H 1
| #define HAVE_INTTYPES_H 1
| #define HAVE_STDINT_H 1
| #define HAVE_STRINGS_H 1
| #define HAVE_SYS_STAT_H 1
| #define HAVE_SYS_TYPES_H 1
| #define HAVE_UNISTD_H 1
| #define STDC_HEADERS 1
| #define HAVE_DLFCN_H 1
| #define LT_OBJDIR ".libs/"
| #define HAVE_LIBBLKID 1
| #define HAVE_LIBSELINUX 1
| #define HAVE_LIBUUID 1
| #define HAVE_BLKID_BLKID_H 1
| #define HAVE_BYTESWAP_H 1
| #define HAVE_FCNTL_H 1
| #define HAVE_LINUX_BLKZONED_H 1
| #define HAVE_LINUX_FALLOC_H 1
| #define HAVE_LINUX_FIEMAP_H 1
| #define HAVE_LINUX_FS_H 1
| #define HAVE_LINUX_HDREG_H 1
| #define HAVE_LINUX_LIMITS_H 1
| #define HAVE_LINUX_POSIX_ACL_H 1
| #define HAVE_LINUX_TYPES_H 1
| #define HAVE_LINUX_XATTR_H 1
| #define HAVE_MNTENT_H 1
| #define HAVE_SCSI_SG_H 1
| #define HAVE_SELINUX_SELINUX_H 1
| #define HAVE_STDLIB_H 1
| #define HAVE_STRING_H 1
| #define HAVE_SYS_IOCTL_H 1
| #define HAVE_SYS_MOUNT_H 1
| #define HAVE_SYS_STAT_H 1
| #define HAVE_SYS_SYSCALL_H 1
| #define HAVE_SYS_SYSMACROS_H 1
| #define HAVE_SYS_UTSNAME_H 1
| #define HAVE_SYS_XATTR_H 1
| #define HAVE_UNISTD_H 1
| #define HAVE_UUID_UUID_H 1
| #define HAVE_GETMNTENT 1
| #define HAVE_FALLOCATE 1
| #define HAVE_FSETXATTR 1
| #define HAVE_FSTAT 1
| #define HAVE_FSTAT64 1
| #define HAVE_FSYNC 1
| #define HAVE_GETGID 1
| #define HAVE_GETMNTENT 1
| #define HAVE_GETUID 1
| #define HAVE_LSEEK64 1
| #define HAVE_MEMSET 1
| #define HAVE_SETMNTENT 1
| #define HAVE_CLOCK_GETTIME 1
| /* end confdefs.h.  */
| 
| int
| main (void)
| {
| (void) strchr;
|   ;
|   return 0;
| }
configure:13849: gcc -c -g -O2   conftest.c >&5
configure:13849: $? = 0
configure:13866: result: none needed
configure:13882: checking whether bswap_64 is declared
configure:13882: gcc -c -g -O2   conftest.c >&5
configure:13882: $? = 0
configure:13882: result: yes
configure:13894: checking for CLOCK_BOOTIME
configure:13912: gcc -c -g -O2  conftest.c >&5
configure:13912: $? = 0
configure:13914: result: yes
configure:13997: checking for struct blk_zone.capacity
configure:13997: gcc -c -g -O2  conftest.c >&5
configure:13997: $? = 0
configure:13997: result: yes
configure:14132: checking that generated files are newer than configure
configure:14138: result: done
configure:14173: creating ./config.status

## ---------------- ##
## Cache variables. ##
## ---------------- ##

ac_cv_build=x86_64-pc-linux-gnu
ac_cv_c_compiler_gnu=yes
ac_cv_c_inline=inline
ac_cv_c_int32_t=yes
ac_cv_c_int8_t=yes
ac_cv_c_undeclared_builtin_options='none needed'
ac_cv_env_CC_set=
ac_cv_env_CC_value=
ac_cv_env_CFLAGS_set=
ac_cv_env_CFLAGS_value=
ac_cv_env_CPPFLAGS_set=
ac_cv_env_CPPFLAGS_value=
ac_cv_env_LDFLAGS_set=
ac_cv_env_LDFLAGS_value=
ac_cv_env_LIBS_set=
ac_cv_env_LIBS_value=
ac_cv_env_LT_SYS_LIBRARY_PATH_set=
ac_cv_env_LT_SYS_LIBRARY_PATH_value=
ac_cv_env_build_alias_set=
ac_cv_env_build_alias_value=
ac_cv_env_host_alias_set=
ac_cv_env_host_alias_value=
ac_cv_env_target_alias_set=
ac_cv_env_target_alias_value=
ac_cv_func_add_key=no
ac_cv_func_clock_gettime=yes
ac_cv_func_fallocate=yes
ac_cv_func_fsetxattr=yes
ac_cv_func_fstat64=yes
ac_cv_func_fstat=yes
ac_cv_func_fsync=yes
ac_cv_func_getgid=yes
ac_cv_func_getmntent=yes
ac_cv_func_getuid=yes
ac_cv_func_keyctl=no
ac_cv_func_llseek=no
ac_cv_func_lseek64=yes
ac_cv_func_memset=yes
ac_cv_func_setmntent=yes
ac_cv_have_decl_bswap_64=yes
ac_cv_header_attr_xattr_h=no
ac_cv_header_blkid_blkid_h=yes
ac_cv_header_byteswap_h=yes
ac_cv_header_dlfcn_h=yes
ac_cv_header_fcntl_h=yes
ac_cv_header_inttypes_h=yes
ac_cv_header_kernel_uapi_linux_blkzoned_h=no
ac_cv_header_linux_blkzoned_h=yes
ac_cv_header_linux_falloc_h=yes
ac_cv_header_linux_fiemap_h=yes
ac_cv_header_linux_fs_h=yes
ac_cv_header_linux_hdreg_h=yes
ac_cv_header_linux_limits_h=yes
ac_cv_header_linux_posix_acl_h=yes
ac_cv_header_linux_types_h=yes
ac_cv_header_linux_xattr_h=yes
ac_cv_header_mach_mach_time_h=no
ac_cv_header_mntent_h=yes
ac_cv_header_pthread_time_h=no
ac_cv_header_scsi_sg_h=yes
ac_cv_header_selinux_android_h=no
ac_cv_header_selinux_selinux_h=yes
ac_cv_header_sparse_sparse_h=no
ac_cv_header_stdint_h=yes
ac_cv_header_stdio_h=yes
ac_cv_header_stdlib_h=yes
ac_cv_header_string_h=yes
ac_cv_header_strings_h=yes
ac_cv_header_sys_acl_h=no
ac_cv_header_sys_ioctl_h=yes
ac_cv_header_sys_mount_h=yes
ac_cv_header_sys_stat_h=yes
ac_cv_header_sys_syscall_h=yes
ac_cv_header_sys_sysmacros_h=yes
ac_cv_header_sys_types_h=yes
ac_cv_header_sys_utsname_h=yes
ac_cv_header_sys_xattr_h=yes
ac_cv_header_unistd_h=yes
ac_cv_header_uuid_uuid_h=yes
ac_cv_host=x86_64-pc-linux-gnu
ac_cv_lib_blkid_blkid_probe_all=yes
ac_cv_lib_lz4_main=no
ac_cv_lib_lzo2_main=no
ac_cv_lib_selinux_getcon=yes
ac_cv_lib_uuid_uuid_clear=yes
ac_cv_lib_winpthread_clock_gettime=no
ac_cv_member_struct_blk_zone_capacity=yes
ac_cv_objext=o
ac_cv_path_EGREP='/usr/bin/grep -E'
ac_cv_path_FGREP='/usr/bin/grep -F'
ac_cv_path_GREP=/usr/bin/grep
ac_cv_path_LDCONFIG=/usr/sbin/ldconfig
ac_cv_path_SED=/usr/bin/sed
ac_cv_path_install='/usr/bin/install -c'
ac_cv_path_lt_DD=/usr/bin/dd
ac_cv_path_mkdir=/usr/bin/mkdir
ac_cv_prog_AWK=gawk
ac_cv_prog_ac_ct_AR=ar
ac_cv_prog_ac_ct_CC=gcc
ac_cv_prog_ac_ct_MANIFEST_TOOL=mt
ac_cv_prog_ac_ct_OBJDUMP=objdump
ac_cv_prog_ac_ct_RANLIB=ranlib
ac_cv_prog_ac_ct_STRIP=strip
ac_cv_prog_cc_c11=
ac_cv_prog_cc_g=yes
ac_cv_prog_cc_stdc=
ac_cv_prog_make_make_set=yes
ac_cv_search_getmntent='none required'
ac_cv_type_size_t=yes
am_cv_CC_dependencies_compiler_type=gcc3
am_cv_ar_interface=ar
am_cv_make_support_nested_variables=yes
am_cv_prog_cc_c_o=yes
am_cv_prog_tar_pax=gnutar
lt_cv_ar_at_file=@
lt_cv_archive_cmds_need_lc=no
lt_cv_deplibs_check_method=pass_all
lt_cv_file_magic_cmd='$MAGIC_CMD'
lt_cv_file_magic_test_file=
lt_cv_ld_reload_flag=-r
lt_cv_nm_interface='BSD nm'
lt_cv_objdir=.libs
lt_cv_path_LD=/usr/bin/ld
lt_cv_path_NM='/usr/bin/nm -B'
lt_cv_path_mainfest_tool=no
lt_cv_prog_compiler_c_o=yes
lt_cv_prog_compiler_pic='-fPIC -DPIC'
lt_cv_prog_compiler_pic_works=yes
lt_cv_prog_compiler_rtti_exceptions=no
lt_cv_prog_compiler_static_works=yes
lt_cv_prog_gnu_ld=yes
lt_cv_sharedlib_from_linklib_cmd='printf %s\n'
lt_cv_shlibpath_overrides_runpath=yes
lt_cv_sys_global_symbol_pipe='sed -n -e '\''s/^.*[	 ]\([ABCDGIRSTW][ABCDGIRSTW]*\)[	 ][	 ]*\([_A-Za-z][_A-Za-z0-9]*\)$/\1 \2 \2/p'\'' | sed '\''/ __gnu_lto/d'\'''
lt_cv_sys_global_symbol_to_c_name_address='sed -n -e '\''s/^: \(.*\) .*$/  {"\1", (void *) 0},/p'\'' -e '\''s/^[ABCDGIRSTW][ABCDGIRSTW]* .* \(.*\)$/  {"\1", (void *) \&\1},/p'\'''
lt_cv_sys_global_symbol_to_c_name_address_lib_prefix='sed -n -e '\''s/^: \(.*\) .*$/  {"\1", (void *) 0},/p'\'' -e '\''s/^[ABCDGIRSTW][ABCDGIRSTW]* .* \(lib.*\)$/  {"\1", (void *) \&\1},/p'\'' -e '\''s/^[ABCDGIRSTW][ABCDGIRSTW]* .* \(.*\)$/  {"lib\1", (void *) \&\1},/p'\'''
lt_cv_sys_global_symbol_to_cdecl='sed -n -e '\''s/^T .* \(.*\)$/extern int \1();/p'\'' -e '\''s/^[ABCDGIRSTW][ABCDGIRSTW]* .* \(.*\)$/extern char \1;/p'\'''
lt_cv_sys_global_symbol_to_import=
lt_cv_sys_max_cmd_len=1572864
lt_cv_to_host_file_cmd=func_convert_file_noop
lt_cv_to_tool_file_cmd=func_convert_file_noop
lt_cv_truncate_bin='/usr/bin/dd bs=4096 count=1'

## ----------------- ##
## Output variables. ##
## ----------------- ##

ACLOCAL='${SHELL} '\''/mnt/delfs/LFS/ScaleLFS/ScaleLFS-6.6.8-SC/f2fs-tools/build-aux/missing'\'' aclocal-1.16'
AMDEPBACKSLASH='\'
AMDEP_FALSE='#'
AMDEP_TRUE=''
AMTAR='$${TAR-tar}'
AM_BACKSLASH='\'
AM_DEFAULT_V='$(AM_DEFAULT_VERBOSITY)'
AM_DEFAULT_VERBOSITY='0'
AM_V='$(V)'
AR='ar'
AUTOCONF='${SHELL} '\''/mnt/delfs/LFS/ScaleLFS/ScaleLFS-6.6.8-SC/f2fs-tools/build-aux/missing'\'' autoconf'
AUTOHEADER='${SHELL} '\''/mnt/delfs/LFS/ScaleLFS/ScaleLFS-6.6.8-SC/f2fs-tools/build-aux/missing'\'' autoheader'
AUTOMAKE='${SHELL} '\''/mnt/delfs/LFS/ScaleLFS/ScaleLFS-6.6.8-SC/f2fs-tools/build-aux/missing'\'' automake-1.16'
AWK='gawk'
CC='gcc'
CCDEPMODE='depmode=gcc3'
CFLAGS='-g -O2'
CPPFLAGS=''
CSCOPE='cscope'
CTAGS='ctags'
CYGPATH_W='echo'
DEFS='-DHAVE_CONFIG_H'
DEPDIR='.deps'
DLLTOOL='false'
DSYMUTIL=''
DUMPBIN=''
ECHO_C=''
ECHO_N='-n'
ECHO_T=''
EGREP='/usr/bin/grep -E'
ETAGS='etags'
EXEEXT=''
FGREP='/usr/bin/grep -F'
FMT_AGE='0'
FMT_CURRENT='9'
FMT_REVISION='0'
GREP='/usr/bin/grep'
INSTALL_DATA='${INSTALL} -m 644'
INSTALL_PROGRAM='${INSTALL}'
INSTALL_SCRIPT='${INSTALL}'
INSTALL_STRIP_PROGRAM='$(install_sh) -c -s'
LD='/usr/bin/ld -m elf_x86_64'
LDCONFIG='/usr/sbin/ldconfig'
LDFLAGS=''
LIBF2FS_AGE='0'
LIBF2FS_CURRENT='10'
LIBF2FS_REVISION='0'
LIBOBJS=''
LIBS=''
LIBTOOL='$(SHELL) $(top_builddir)/libtool'
LINUX_FALSE='#'
LINUX_TRUE=''
LIPO=''
LN_S='ln -s'
LTLIBOBJS=''
LT_SYS_LIBRARY_PATH=''
MAKEINFO='${SHELL} '\''/mnt/delfs/LFS/ScaleLFS/ScaleLFS-6.6.8-SC/f2fs-tools/build-aux/missing'\'' makeinfo'
MANIFEST_TOOL=':'
MKDIR_P='/usr/bin/mkdir -p'
NM='/usr/bin/nm -B'
NMEDIT=''
OBJDUMP='objdump'
OBJEXT='o'
OSX_FALSE=''
OSX_TRUE='#'
OTOOL64=''
OTOOL=''
PACKAGE='f2fs-tools'
PACKAGE_BUGREPORT='linux-f2fs-devel@lists.sourceforge.net'
PACKAGE_NAME='F2FS tools'
PACKAGE_STRING='F2FS tools 1.16.0'
PACKAGE_TARNAME='f2fs-tools'
PACKAGE_URL=''
PACKAGE_VERSION='1.16.0'
PATH_SEPARATOR=':'
RANLIB='ranlib'
SED='/usr/bin/sed'
SET_MAKE=''
SHELL='/bin/bash'
STRIP='strip'
VERSION='1.16.0'
WINDOWS_FALSE=''
WINDOWS_TRUE='#'
ac_ct_AR='ar'
ac_ct_CC='gcc'
ac_ct_DUMPBIN=''
am__EXEEXT_FALSE=''
am__EXEEXT_TRUE='#'
am__fastdepCC_FALSE='#'
am__fastdepCC_TRUE=''
am__include='include'
am__isrc=''
am__leading_dot='.'
am__nodep='_no'
am__quote=''
am__tar='tar --format=posix -chf - "$$tardir"'
am__untar='tar -xf -'
bindir='${exec_prefix}/bin'
build='x86_64-pc-linux-gnu'
build_alias=''
build_cpu='x86_64'
build_os='linux-gnu'
build_vendor='pc'
datadir='${datarootdir}'
datarootdir='${prefix}/share'
docdir='${datarootdir}/doc/${PACKAGE_TARNAME}'
dvidir='${docdir}'
exec_prefix='${prefix}'
host='x86_64-pc-linux-gnu'
host_alias=''
host_cpu='x86_64'
host_os='linux-gnu'
host_vendor='pc'
htmldir='${docdir}'
includedir='${prefix}/include'
infodir='${datarootdir}/info'
install_sh='${SHELL} /mnt/delfs/LFS/ScaleLFS/ScaleLFS-6.6.8-SC/f2fs-tools/build-aux/install-sh'
libblkid_LIBS='-lblkid'
libdir='${exec_prefix}/lib'
libexecdir='${exec_prefix}/libexec'
liblz4_LIBS=''
liblzo2_LIBS=''
libselinux_LIBS='-lselinux'
libuuid_LIBS='-luuid'
libwinpthread_LIBS=''
localedir='${datarootdir}/locale'
localstatedir='${prefix}/var'
mandir='${datarootdir}/man'
mkdir_p='$(MKDIR_P)'
oldincludedir='/usr/include'
pdfdir='${docdir}'
prefix='/usr/local'
program_transform_name='s,x,x,'
psdir='${docdir}'
root_libdir='${exec_prefix}/lib'
runstatedir='${localstatedir}/run'
sbindir='${exec_prefix}/sbin'
sharedstatedir='${prefix}/com'
sysconfdir='${prefix}/etc'
target_alias=''

## ----------- ##
## confdefs.h. ##
## ----------- ##

/* confdefs.h */
#define PACKAGE_NAME "F2FS tools"
#define PACKAGE_TARNAME "f2fs-tools"
#define PACKAGE_VERSION "1.16.0"
#define PACKAGE_STRING "F2FS tools 1.16.0"
#define PACKAGE_BUGREPORT "linux-f2fs-devel@lists.sourceforge.net"
#define PACKAGE_URL ""
#define F2FS_TOOLS_VERSION "1.16.0"
#define F2FS_MAJOR_VERSION 1
#define F2FS_MINOR_VERSION 16
#define F2FS_TOOLS_DATE "2023-04-11"
#define PACKAGE "f2fs-tools"
#define VERSION "1.16.0"
#define HAVE_STDIO_H 1
#define HAVE_STDLIB_H 1
#define HAVE_STRING_H 1
#define HAVE_INTTYPES_H 1
#define HAVE_STDINT_H 1
#define HAVE_STRINGS_H 1
#define HAVE_SYS_STAT_H 1
#define HAVE_SYS_TYPES_H 1
#define HAVE_UNISTD_H 1
#define STDC_HEADERS 1
#define HAVE_DLFCN_H 1
#define LT_OBJDIR ".libs/"
#define HAVE_LIBBLKID 1
#define HAVE_LIBSELINUX 1
#define HAVE_LIBUUID 1
#define HAVE_BLKID_BLKID_H 1
#define HAVE_BYTESWAP_H 1
#define HAVE_FCNTL_H 1
#define HAVE_LINUX_BLKZONED_H 1
#define HAVE_LINUX_FALLOC_H 1
#define HAVE_LINUX_FIEMAP_H 1
#define HAVE_LINUX_FS_H 1
#define HAVE_LINUX_HDREG_H 1
#define HAVE_LINUX_LIMITS_H 1
#define HAVE_LINUX_POSIX_ACL_H 1
#define HAVE_LINUX_TYPES_H 1
#define HAVE_LINUX_XATTR_H 1
#define HAVE_MNTENT_H 1
#define HAVE_SCSI_SG_H 1
#define HAVE_SELINUX_SELINUX_H 1
#define HAVE_STDLIB_H 1
#define HAVE_STRING_H 1
#define HAVE_SYS_IOCTL_H 1
#define HAVE_SYS_MOUNT_H 1
#define HAVE_SYS_STAT_H 1
#define HAVE_SYS_SYSCALL_H 1
#define HAVE_SYS_SYSMACROS_H 1
#define HAVE_SYS_UTSNAME_H 1
#define HAVE_SYS_XATTR_H 1
#define HAVE_UNISTD_H 1
#define HAVE_UUID_UUID_H 1
#define HAVE_GETMNTENT 1
#define HAVE_FALLOCATE 1
#define HAVE_FSETXATTR 1
#define HAVE_FSTAT 1
#define HAVE_FSTAT64 1
#define HAVE_FSYNC 1
#define HAVE_GETGID 1
#define HAVE_GETMNTENT 1
#define HAVE_GETUID 1
#define HAVE_LSEEK64 1
#define HAVE_MEMSET 1
#define HAVE_SETMNTENT 1
#define HAVE_CLOCK_GETTIME 1
#define HAVE_DECL_BSWAP_64 1
#define HAVE_CLOCK_BOOTTIME 1
#define HAVE_BLK_ZONE_REP_V2 1

configure: exit 0

## ---------------------- ##
## Running config.status. ##
## ---------------------- ##

This file was extended by F2FS tools config.status 1.16.0, which was
generated by GNU Autoconf 2.71.  Invocation command line was

  CONFIG_FILES    = 
  CONFIG_HEADERS  = 
  CONFIG_LINKS    = 
  CONFIG_COMMANDS = 
  $ ./config.status 

on amd1

config.status:1154: creating Makefile
config.status:1154: creating man/Makefile
config.status:1154: creating lib/Makefile
config.status:1154: creating mkfs/Makefile
config.status:1154: creating fsck/Makefile
config.status:1154: creating tools/Makefile
config.status:1154: creating tools/f2fs_io/Makefile
config.status:1154: creating config.h
config.status:1335: config.h is unchanged
config.status:1383: executing depfiles commands
config.status:1460: cd lib       && sed -e '/# am--include-marker/d' Makefile         | make -f - am--depfiles
make[1]: Entering directory '/mnt/delfs/LFS/ScaleLFS/ScaleLFS-6.6.8-SC/f2fs-tools/lib'
make[1]: Nothing to be done for 'am--depfiles'.
make[1]: Leaving directory '/mnt/delfs/LFS/ScaleLFS/ScaleLFS-6.6.8-SC/f2fs-tools/lib'
config.status:1465: $? = 0
config.status:1460: cd mkfs       && sed -e '/# am--include-marker/d' Makefile         | make -f - am--depfiles
make[1]: Entering directory '/mnt/delfs/LFS/ScaleLFS/ScaleLFS-6.6.8-SC/f2fs-tools/mkfs'
make[1]: Nothing to be done for 'am--depfiles'.
make[1]: Leaving directory '/mnt/delfs/LFS/ScaleLFS/ScaleLFS-6.6.8-SC/f2fs-tools/mkfs'
config.status:1465: $? = 0
config.status:1460: cd fsck       && sed -e '/# am--include-marker/d' Makefile         | make -f - am--depfiles
make[1]: Entering directory '/mnt/delfs/LFS/ScaleLFS/ScaleLFS-6.6.8-SC/f2fs-tools/fsck'
make[1]: Nothing to be done for 'am--depfiles'.
make[1]: Leaving directory '/mnt/delfs/LFS/ScaleLFS/ScaleLFS-6.6.8-SC/f2fs-tools/fsck'
config.status:1465: $? = 0
config.status:1460: cd tools       && sed -e '/# am--include-marker/d' Makefile         | make -f - am--depfiles
make[1]: Entering directory '/mnt/delfs/LFS/ScaleLFS/ScaleLFS-6.6.8-SC/f2fs-tools/tools'
make[1]: Nothing to be done for 'am--depfiles'.
make[1]: Leaving directory '/mnt/delfs/LFS/ScaleLFS/ScaleLFS-6.6.8-SC/f2fs-tools/tools'
config.status:1465: $? = 0
config.status:1460: cd tools/f2fs_io       && sed -e '/# am--include-marker/d' Makefile         | make -f - am--depfiles
make[1]: Entering directory '/mnt/delfs/LFS/ScaleLFS/ScaleLFS-6.6.8-SC/f2fs-tools/tools/f2fs_io'
make[1]: Nothing to be done for 'am--depfiles'.
make[1]: Leaving directory '/mnt/delfs/LFS/ScaleLFS/ScaleLFS-6.6.8-SC/f2fs-tools/tools/f2fs_io'
config.status:1465: $? = 0
config.status:1383: executing libtool commands
